Archive member included to satisfy reference by file (symbol)

C:\devkitPro\libctru/lib\libctru.a(synchronization.o)
                              camera.o (LightLock_Init)
C:\devkitPro\libctru/lib\libctru.a(console.o)
                              maintak.o (consoleInit)
C:\devkitPro\libctru/lib\libctru.a(gfx.o)
                              maintak.o (gfxSet3D)
C:\devkitPro\libctru/lib\libctru.a(thread.o)
                              camera.o (threadCreate)
C:\devkitPro\libctru/lib\libctru.a(y2r.o)
                              main.o (y2rInit)
C:\devkitPro\libctru/lib\libctru.a(gspgpu.o)
                              C:\devkitPro\libctru/lib\libctru.a(gfx.o) (gspInit)
C:\devkitPro\libctru/lib\libctru.a(ac.o)
                              main.o (acInit)
C:\devkitPro\libctru/lib\libctru.a(apt.o)
                              maintak.o (aptMainLoop)
C:\devkitPro\libctru/lib\libctru.a(cam.o)
                              camera.o (camInit)
C:\devkitPro\libctru/lib\libctru.a(hid.o)
                              maintak.o (hidScanInput)
C:\devkitPro\libctru/lib\libctru.a(syscalls.o)
                              C:\devkitPro\libctru/lib\libctru.a(thread.o) (initThreadVars)
C:\devkitPro\libctru/lib\libctru.a(ctru_init.o)
                              C:\devkitPro\libctru/lib\libctru.a(apt.o) (__system_retAddr)
C:\devkitPro\libctru/lib\libctru.a(initArgv.o)
                              C:\devkitPro\libctru/lib\libctru.a(ctru_init.o) (__system_initArgv)
C:\devkitPro\libctru/lib\libctru.a(svc.o)
                              C:\devkitPro\libctru/lib\libctru.a(thread.o) (svcCreateThread)
C:\devkitPro\libctru/lib\libctru.a(stack_adjust.o)
                              c:/devkitpro/devkitarm/bin/../lib/gcc/arm-none-eabi/12.1.0/../../../../arm-none-eabi/lib/armv6k/fpu/3dsx_crt0.o (initSystem)
C:\devkitPro\libctru/lib\libctru.a(default_font.bin.o)
                              C:\devkitPro\libctru/lib\libctru.a(console.o) (default_font_bin)
C:\devkitPro\libctru/lib\libctru.a(vram.o)
                              C:\devkitPro\libctru/lib\libctru.a(gfx.o) (vramAlloc)
C:\devkitPro\libctru/lib\libctru.a(linear.o)
                              C:\devkitPro\libctru/lib\libctru.a(gfx.o) (linearAlloc)
C:\devkitPro\libctru/lib\libctru.a(mem_pool.o)
                              C:\devkitPro\libctru/lib\libctru.a(vram.o) (MemPool::Allocate(MemChunk&, unsigned long, int))
C:\devkitPro\libctru/lib\libctru.a(os.o)
                              C:\devkitPro\libctru/lib\libctru.a(syscalls.o) (osGetTime)
C:\devkitPro\libctru/lib\libctru.a(3dslink.o)
                              C:\devkitPro\libctru/lib\libctru.a(initArgv.o) (__3dslink_host)
C:\devkitPro\libctru/lib\libctru.a(srv.o)
                              C:\devkitPro\libctru/lib\libctru.a(apt.o) (srvInit)
C:\devkitPro\libctru/lib\libctru.a(mappable.o)
                              C:\devkitPro\libctru/lib\libctru.a(gspgpu.o) (mappableAlloc)
C:\devkitPro\libctru/lib\libctru.a(irrst.o)
                              C:\devkitPro\libctru/lib\libctru.a(hid.o) (irrstInit)
C:\devkitPro\libctru/lib\libctru.a(srvpm.o)
                              C:\devkitPro\libctru/lib\libctru.a(srv.o) (srvPmGetSessionHandle)
C:\devkitPro\libctru/lib\libctru.a(ptmsysm.o)
                              C:\devkitPro\libctru/lib\libctru.a(os.o) (ptmSysmInit)
C:\devkitPro\libctru/lib\libctru.a(soc_socket.o)
                              C:\devkitPro\libctru/lib\libctru.a(3dslink.o) (socket)
C:\devkitPro\libctru/lib\libctru.a(soc_connect.o)
                              C:\devkitPro\libctru/lib\libctru.a(3dslink.o) (connect)
C:\devkitPro\libctru/lib\libctru.a(soc_common.o)
                              C:\devkitPro\libctru/lib\libctru.a(soc_socket.o) (_net_convert_error)
C:\devkitPro\libctru/lib\libctru.a(rbtree_init.o)
                              C:\devkitPro\libctru/lib\libctru.a(vram.o) (rbtree_init)
C:\devkitPro\libctru/lib\libctru.a(rbtree_insert.o)
                              C:\devkitPro\libctru/lib\libctru.a(vram.o) (rbtree_insert)
C:\devkitPro\libctru/lib\libctru.a(rbtree_rotate.o)
                              C:\devkitPro\libctru/lib\libctru.a(rbtree_insert.o) (rbtree_rotate)
C:\devkitPro\libctru/lib\libctru.a(rbtree_remove.o)
                              C:\devkitPro\libctru/lib\libctru.a(vram.o) (rbtree_remove)
C:\devkitPro\libctru/lib\libctru.a(rbtree_find.o)
                              C:\devkitPro\libctru/lib\libctru.a(vram.o) (rbtree_find)
C:\devkitPro\libctru/lib\libctru.a(appInit.o)
                              C:\devkitPro\libctru/lib\libctru.a(stack_adjust.o) (__appInit)
C:\devkitPro\libctru/lib\libctru.a(allocateHeaps.o)
                              C:\devkitPro\libctru/lib\libctru.a(ctru_init.o) (__system_allocateHeaps)
C:\devkitPro\libctru/lib\libctru.a(appExit.o)
                              C:\devkitPro\libctru/lib\libctru.a(stack_adjust.o) (__appExit)
[...]
Memory Configuration

Name             Origin             Length             Attributes
*default*        0x0000000000000000 0xffffffffffffffff

Linker script and memory map

                0x0000000000100000                PROVIDE (__start__ = 0x100000)
                0x0000000000100000                . = __start__

.text           0x0000000000100000    0x21b60
 *(.crt0)
 .crt0          0x0000000000100000       0x94 c:/devkitpro/devkitarm/bin/../lib/gcc/arm-none-eabi/12.1.0/../../../../arm-none-eabi/lib/armv6k/fpu/3dsx_crt0.o
                0x0000000000100000                _start
                0x0000000000100008                __service_ptr
                0x000000000010000c                __apt_appid
                0x0000000000100010                __heap_size
                0x0000000000100014                __linear_heap_size
                0x0000000000100018                __system_arglist
                0x000000000010001c                __system_runflags
 *(.init)
 .init          0x0000000000100094        0xc c:/devkitpro/devkitarm/bin/../lib/gcc/arm-none-eabi/12.1.0/armv6k/fpu/crti.o
                0x0000000000100094                _init
 .init          0x00000000001000a0        0xc c:/devkitpro/devkitarm/bin/../lib/gcc/arm-none-eabi/12.1.0/armv6k/fpu/crtn.o
                0x00000000001000ac                . = ALIGN (0x4)
 *(.text)
 .text          0x00000000001000ac      0x240 c:/devkitpro/devkitarm/bin/../lib/gcc/arm-none-eabi/12.1.0/armv6k/fpu\libgcc.a(_divsi3.o)
                0x00000000001000ac                __divsi3
                0x00000000001000ac                __aeabi_idiv
                0x00000000001002cc                __aeabi_idivmod
 .text          0x00000000001002ec        0x4 c:/devkitpro/devkitarm/bin/../lib/gcc/arm-none-eabi/12.1.0/armv6k/fpu\libgcc.a(_dvmd_tls.o)
                0x00000000001002ec                __aeabi_idiv0
                0x00000000001002ec                __aeabi_ldiv0
 .text          0x00000000001002f0       0xd4 c:/devkitpro/devkitarm/bin/../lib/gcc/arm-none-eabi/12.1.0/armv6k/fpu\libgcc.a(_aeabi_ldivmod.o)
                0x00000000001002f0                __aeabi_ldivmod
 .text          0x00000000001003c4       0x3c c:/devkitpro/devkitarm/bin/../lib/gcc/arm-none-eabi/12.1.0/armv6k/fpu\libgcc.a(_aeabi_uldivmod.o)
                0x00000000001003c4                __aeabi_uldivmod
 .text          0x0000000000100400      0x390 c:/devkitpro/devkitarm/bin/../lib/gcc/arm-none-eabi/12.1.0/../../../../arm-none-eabi/lib/armv6k/fpu\libg.a(lib_a-strcmp.o)
                0x0000000000100408                strcmp
 .text          0x0000000000100790      0x20c c:/devkitpro/devkitarm/bin/../lib/gcc/arm-none-eabi/12.1.0/armv6k/fpu\libgcc.a(_udivsi3.o)
                0x0000000000100790                __aeabi_uidiv
                0x0000000000100790                __udivsi3
                0x000000000010097c                __aeabi_uidivmod
 .text          0x000000000010099c      0x3c0 c:/devkitpro/devkitarm/bin/../lib/gcc/arm-none-eabi/12.1.0/armv6k/fpu\libgcc.a(_arm_addsubdf3.o)
                0x000000000010099c                __aeabi_drsub
                0x00000000001009a4                __aeabi_dsub
                0x00000000001009a4                __subdf3
                0x00000000001009a8                __aeabi_dadd
                0x00000000001009a8                __adddf3
                0x0000000000100c54                __floatunsidf
                0x0000000000100c54                __aeabi_ui2d
                0x0000000000100c78                __floatsidf
                0x0000000000100c78                __aeabi_i2d
                0x0000000000100ca0                __aeabi_f2d
                0x0000000000100ca0                __extendsfdf2
                0x0000000000100ce8                __floatundidf
                0x0000000000100ce8                __aeabi_ul2d
                0x0000000000100cfc                __floatdidf
                0x0000000000100cfc                __aeabi_l2d
 *(.text.*)
 .text.__do_global_dtors_aux
                0x0000000000100d5c       0x40 c:/devkitpro/devkitarm/bin/../lib/gcc/arm-none-eabi/12.1.0/armv6k/fpu/crtbegin.o
 .text.frame_dummy
                0x0000000000100d9c       0x2c c:/devkitpro/devkitarm/bin/../lib/gcc/arm-none-eabi/12.1.0/armv6k/fpu/crtbegin.o
 .text.cameraThread
                0x0000000000100dc8      0x2e0 main.o
                0x0000000000100dc8                cameraThread
 .text.cleanup  0x00000000001010a8       0x18 main.o
                0x00000000001010a8                cleanup
 .text.startup.main
                0x00000000001010c0      0x284 main.o
                0x00000000001010c0                main
 .text.__sync_init
                0x0000000000101344        0xc C:\devkitPro\libctru/lib\libctru.a(synchronization.o)
                0x0000000000101344                __sync_init
 .text.__sync_fini
                0x0000000000101350       0x18 C:\devkitPro\libctru/lib\libctru.a(synchronization.o)
                0x0000000000101350                __sync_fini
 .text.syncArbitrateAddress
                0x0000000000101368       0x2c C:\devkitPro\libctru/lib\libctru.a(synchronization.o)
                0x0000000000101368                syncArbitrateAddress
 .text.LightLock_Lock
                0x0000000000101394       0xb0 C:\devkitPro\libctru/lib\libctru.a(synchronization.o)
                0x0000000000101394                LightLock_Lock
 .text.LightLock_Unlock
                0x0000000000101444       0x40 C:\devkitPro\libctru/lib\libctru.a(synchronization.o)
                0x0000000000101444                LightLock_Unlock
 .text.RecursiveLock_Init
                0x0000000000101484       0x24 C:\devkitPro\libctru/lib\libctru.a(synchronization.o)
                0x0000000000101484                RecursiveLock_Init
 .text.RecursiveLock_Lock
                0x00000000001014a8       0x30 C:\devkitPro\libctru/lib\libctru.a(synchronization.o)
                0x00000000001014a8                RecursiveLock_Lock
 .text.RecursiveLock_Unlock
                0x00000000001014d8       0x54 C:\devkitPro\libctru/lib\libctru.a(synchronization.o)
                0x00000000001014d8                RecursiveLock_Unlock
 .text.LightEvent_Init
                0x000000000010152c       0x40 C:\devkitPro\libctru/lib\libctru.a(synchronization.o)
                0x000000000010152c                LightEvent_Init
 .text.LightEvent_Clear
                0x000000000010156c       0xa4 C:\devkitPro\libctru/lib\libctru.a(synchronization.o)
                0x000000000010156c                LightEvent_Clear
 .text.LightEvent_Signal
                0x0000000000101610       0xc8 C:\devkitPro\libctru/lib\libctru.a(synchronization.o)
                0x0000000000101610                LightEvent_Signal
 .text.LightEvent_TryWait
                0x00000000001016d8       0x50 C:\devkitPro\libctru/lib\libctru.a(synchronization.o)
                0x00000000001016d8                LightEvent_TryWait
 .text.LightEvent_Wait
                0x0000000000101728       0xb0 C:\devkitPro\libctru/lib\libctru.a(synchronization.o)
                0x0000000000101728                LightEvent_Wait
 .text.parseColor
                0x00000000001017d8      0x1e8 C:\devkitPro\libctru/lib\libctru.a(console.o)
 .text.consoleDrawChar
                0x00000000001019c0      0x1ac C:\devkitPro\libctru/lib\libctru.a(console.o)
                0x00000000001019c0                consoleDrawChar
 .text.consolePrintChar
                0x0000000000101b6c      0x124 C:\devkitPro\libctru/lib\libctru.a(console.o)
                0x0000000000101b6c                consolePrintChar
 .text.con_write
                0x0000000000101c90      0xb94 C:\devkitPro\libctru/lib\libctru.a(console.o)
                0x0000000000101c90                con_write
 .text.newRow   0x0000000000102824       0xfc C:\devkitPro\libctru/lib\libctru.a(console.o)
 .text.consoleInit
                0x0000000000102920      0x168 C:\devkitPro\libctru/lib\libctru.a(console.o)
                0x0000000000102920                consoleInit
 .text.gfxPresentFramebuffer
                0x0000000000102a88       0xd0 C:\devkitPro\libctru/lib\libctru.a(gfx.o)
 .text.gfxIsWide
                0x0000000000102b58       0x1c C:\devkitPro\libctru/lib\libctru.a(gfx.o)
                0x0000000000102b58                gfxIsWide
 .text.gfxSetScreenFormat
                0x0000000000102b74       0xec C:\devkitPro\libctru/lib\libctru.a(gfx.o)
                0x0000000000102b74                gfxSetScreenFormat
 .text.gfxSetDoubleBuffering
                0x0000000000102c60       0x10 C:\devkitPro\libctru/lib\libctru.a(gfx.o)
                0x0000000000102c60                gfxSetDoubleBuffering
 .text.gfxInit  0x0000000000102c70       0xe0 C:\devkitPro\libctru/lib\libctru.a(gfx.o)
                0x0000000000102c70                gfxInit
 .text.gfxInitDefault
                0x0000000000102d50       0x10 C:\devkitPro\libctru/lib\libctru.a(gfx.o)
                0x0000000000102d50                gfxInitDefault
 .text.gfxExit  0x0000000000102d60       0xb4 C:\devkitPro\libctru/lib\libctru.a(gfx.o)
                0x0000000000102d60                gfxExit
 .text.gfxGetFramebuffer
                0x0000000000102e14       0xa0 C:\devkitPro\libctru/lib\libctru.a(gfx.o)
                0x0000000000102e14                gfxGetFramebuffer
 .text.gfxFlushBuffers
                0x0000000000102eb4      0x104 C:\devkitPro\libctru/lib\libctru.a(gfx.o)
                0x0000000000102eb4                gfxFlushBuffers
 .text.gfxSwapBuffers
                0x0000000000102fb8       0x50 C:\devkitPro\libctru/lib\libctru.a(gfx.o)
                0x0000000000102fb8                gfxSwapBuffers
 .text.gfxSwapBuffersGpu
                0x0000000000103008       0x50 C:\devkitPro\libctru/lib\libctru.a(gfx.o)
                0x0000000000103008                gfxSwapBuffersGpu
 .text.threadCreate
                0x0000000000103058      0x178 C:\devkitPro\libctru/lib\libctru.a(thread.o)
                0x0000000000103058                threadCreate
 .text.threadFree
                0x00000000001031d0       0x2c C:\devkitPro\libctru/lib\libctru.a(thread.o)
                0x00000000001031d0                threadFree
 .text.threadJoin
                0x00000000001031fc       0x24 C:\devkitPro\libctru/lib\libctru.a(thread.o)
                0x00000000001031fc                threadJoin
 .text.threadGetCurrent
                0x0000000000103220       0x30 C:\devkitPro\libctru/lib\libctru.a(thread.o)
                0x0000000000103220                threadGetCurrent
 .text.threadExit
                0x0000000000103250       0x40 C:\devkitPro\libctru/lib\libctru.a(thread.o)
                0x0000000000103250                threadExit
 .text._thread_begin
                0x0000000000103290       0x20 C:\devkitPro\libctru/lib\libctru.a(thread.o)
 .text.y2rInit  0x00000000001032b0       0xb0 C:\devkitPro\libctru/lib\libctru.a(y2r.o)
                0x00000000001032b0                y2rInit
 .text.y2rExit  0x0000000000103360       0x58 C:\devkitPro\libctru/lib\libctru.a(y2r.o)
                0x0000000000103360                y2rExit
 .text.Y2RU_SetTransferEndInterrupt
                0x00000000001033b8       0x34 C:\devkitPro\libctru/lib\libctru.a(y2r.o)
                0x00000000001033b8                Y2RU_SetTransferEndInterrupt
 .text.Y2RU_GetTransferEndEvent
                0x00000000001033ec       0x54 C:\devkitPro\libctru/lib\libctru.a(y2r.o)
                0x00000000001033ec                Y2RU_GetTransferEndEvent
 .text.Y2RU_SetSendingYUYV
                0x0000000000103440       0x54 C:\devkitPro\libctru/lib\libctru.a(y2r.o)
                0x0000000000103440                Y2RU_SetSendingYUYV
 .text.Y2RU_SetReceiving
                0x0000000000103494       0x54 C:\devkitPro\libctru/lib\libctru.a(y2r.o)
                0x0000000000103494                Y2RU_SetReceiving
 .text.Y2RU_StartConversion
                0x00000000001034e8       0x2c C:\devkitPro\libctru/lib\libctru.a(y2r.o)
                0x00000000001034e8                Y2RU_StartConversion
 .text.Y2RU_SetConversionParams
                0x0000000000103514       0x48 C:\devkitPro\libctru/lib\libctru.a(y2r.o)
                0x0000000000103514                Y2RU_SetConversionParams
 .text.gspHardwareInit
                0x000000000010355c      0xc58 C:\devkitPro\libctru/lib\libctru.a(gspgpu.o)
 .text.gspInit  0x00000000001041b4      0x248 C:\devkitPro\libctru/lib\libctru.a(gspgpu.o)
                0x00000000001041b4                gspInit
 .text.gspExit  0x00000000001043fc       0xf0 C:\devkitPro\libctru/lib\libctru.a(gspgpu.o)
                0x00000000001043fc                gspExit
 .text.gspHasGpuRight
                0x00000000001044ec       0x10 C:\devkitPro\libctru/lib\libctru.a(gspgpu.o)
                0x00000000001044ec                gspHasGpuRight
 .text.gspPresentBuffer
                0x00000000001044fc       0xa0 C:\devkitPro\libctru/lib\libctru.a(gspgpu.o)
                0x00000000001044fc                gspPresentBuffer
 .text.gspWaitForEvent
                0x000000000010459c       0x44 C:\devkitPro\libctru/lib\libctru.a(gspgpu.o)
                0x000000000010459c                gspWaitForEvent
 .text.gxCmdQueueInterrupt
                0x00000000001045e0        0x4 C:\devkitPro\libctru/lib\libctru.a(gspgpu.o)
                0x00000000001045e0                gxCmdQueueInterrupt
 .text.gspEventThreadMain
                0x00000000001045e4      0x158 C:\devkitPro\libctru/lib\libctru.a(gspgpu.o)
 .text.GSPGPU_FlushDataCache
                0x000000000010473c       0x50 C:\devkitPro\libctru/lib\libctru.a(gspgpu.o)
                0x000000000010473c                GSPGPU_FlushDataCache
 .text.GSPGPU_SetLcdForceBlack
                0x000000000010478c       0x34 C:\devkitPro\libctru/lib\libctru.a(gspgpu.o)
                0x000000000010478c                GSPGPU_SetLcdForceBlack
 .text.GSPGPU_AcquireRight
                0x00000000001047c0       0x68 C:\devkitPro\libctru/lib\libctru.a(gspgpu.o)
                0x00000000001047c0                GSPGPU_AcquireRight
 .text.GSPGPU_ReleaseRight
                0x0000000000104828       0x48 C:\devkitPro\libctru/lib\libctru.a(gspgpu.o)
                0x0000000000104828                GSPGPU_ReleaseRight
 .text.GSPGPU_ImportDisplayCaptureInfo
                0x0000000000104870       0x7c C:\devkitPro\libctru/lib\libctru.a(gspgpu.o)
                0x0000000000104870                GSPGPU_ImportDisplayCaptureInfo
 .text.GSPGPU_SaveVramSysArea
                0x00000000001048ec       0x2c C:\devkitPro\libctru/lib\libctru.a(gspgpu.o)
                0x00000000001048ec                GSPGPU_SaveVramSysArea
 .text.GSPGPU_RestoreVramSysArea
                0x0000000000104918       0x2c C:\devkitPro\libctru/lib\libctru.a(gspgpu.o)
                0x0000000000104918                GSPGPU_RestoreVramSysArea
 .text.acInit   0x0000000000104944       0x8c C:\devkitPro\libctru/lib\libctru.a(ac.o)
                0x0000000000104944                acInit
 .text.acExit   0x00000000001049d0       0x3c C:\devkitPro\libctru/lib\libctru.a(ac.o)
                0x00000000001049d0                acExit
 .text.aptConvertScreenForCapture
                0x0000000000104a0c      0x1a4 C:\devkitPro\libctru/lib\libctru.a(apt.o)
 .text.aptDspSleep
                0x0000000000104bb0        0x8 C:\devkitPro\libctru/lib\libctru.a(apt.o)
                0x0000000000104bb0                aptDspSleep
 .text.aptDspWakeup
                0x0000000000104bb8        0x4 C:\devkitPro\libctru/lib\libctru.a(apt.o)
                0x0000000000104bb8                aptDspWakeup
 .text.aptDspCancel
                0x0000000000104bbc        0x4 C:\devkitPro\libctru/lib\libctru.a(apt.o)
                0x0000000000104bbc                aptDspCancel
 .text.aptSendCommand
                0x0000000000104bc0      0x158 C:\devkitPro\libctru/lib\libctru.a(apt.o)
                0x0000000000104bc0                aptSendCommand
 .text.aptExitProcess
                0x0000000000104d18       0x44 C:\devkitPro\libctru/lib\libctru.a(apt.o)
 .text.aptExit  0x0000000000104d5c      0x2f4 C:\devkitPro\libctru/lib\libctru.a(apt.o)
                0x0000000000104d5c                aptExit
 .text.aptHandleSleep
                0x0000000000105050       0xe0 C:\devkitPro\libctru/lib\libctru.a(apt.o)
                0x0000000000105050                aptHandleSleep
 .text.APT_SleepIfShellClosed
                0x0000000000105130       0x84 C:\devkitPro\libctru/lib\libctru.a(apt.o)
                0x0000000000105130                APT_SleepIfShellClosed
 .text.aptSetSleepAllowed
                0x00000000001051b4       0x84 C:\devkitPro\libctru/lib\libctru.a(apt.o)
                0x00000000001051b4                aptSetSleepAllowed
 .text.APT_UnlockTransition
                0x0000000000105238       0x84 C:\devkitPro\libctru/lib\libctru.a(apt.o)
                0x0000000000105238                APT_UnlockTransition
 *fill*         0x00000000001052bc        0x4 
 .text.aptEventHandler
                0x00000000001052c0      0x4a4 C:\devkitPro\libctru/lib\libctru.a(apt.o)
 .text.APT_ReceiveParameter
                0x0000000000105764       0xb0 C:\devkitPro\libctru/lib\libctru.a(apt.o)
                0x0000000000105764                APT_ReceiveParameter
 .text.aptReceiveParameter.constprop.0
                0x0000000000105814       0xb0 C:\devkitPro\libctru/lib\libctru.a(apt.o)
 *fill*         0x00000000001058c4        0x4 
 .text.aptScreenTransfer
                0x00000000001058c8      0x2ac C:\devkitPro\libctru/lib\libctru.a(apt.o)
 .text.aptWaitForWakeUp.isra.0
                0x0000000000105b74      0x344 C:\devkitPro\libctru/lib\libctru.a(apt.o)
 .text.aptJumpToHomeMenu
                0x0000000000105eb8      0x100 C:\devkitPro\libctru/lib\libctru.a(apt.o)
                0x0000000000105eb8                aptJumpToHomeMenu
 .text.aptMainLoop
                0x0000000000105fb8       0x48 C:\devkitPro\libctru/lib\libctru.a(apt.o)
                0x0000000000105fb8                aptMainLoop
 .text.aptInit  0x0000000000106000      0x22c C:\devkitPro\libctru/lib\libctru.a(apt.o)
                0x0000000000106000                aptInit
 .text.APT_CheckNew3DS
                0x000000000010622c       0x7c C:\devkitPro\libctru/lib\libctru.a(apt.o)
                0x000000000010622c                APT_CheckNew3DS
 .text.camInit  0x00000000001062a8       0xb0 C:\devkitPro\libctru/lib\libctru.a(cam.o)
                0x00000000001062a8                camInit
 .text.camExit  0x0000000000106358       0x58 C:\devkitPro\libctru/lib\libctru.a(cam.o)
                0x0000000000106358                camExit
 .text.CAMU_StartCapture
                0x00000000001063b0       0x34 C:\devkitPro\libctru/lib\libctru.a(cam.o)
                0x00000000001063b0                CAMU_StartCapture
 .text.CAMU_StopCapture
                0x00000000001063e4       0x34 C:\devkitPro\libctru/lib\libctru.a(cam.o)
                0x00000000001063e4                CAMU_StopCapture
 .text.CAMU_ClearBuffer
                0x0000000000106418       0x34 C:\devkitPro\libctru/lib\libctru.a(cam.o)
                0x0000000000106418                CAMU_ClearBuffer
 .text.CAMU_SetReceiving
                0x000000000010644c       0x64 C:\devkitPro\libctru/lib\libctru.a(cam.o)
                0x000000000010644c                CAMU_SetReceiving
 .text.CAMU_SetTransferBytes
                0x00000000001064b0       0x3c C:\devkitPro\libctru/lib\libctru.a(cam.o)
                0x00000000001064b0                CAMU_SetTransferBytes
 .text.CAMU_GetMaxBytes
                0x00000000001064ec       0x44 C:\devkitPro\libctru/lib\libctru.a(cam.o)
                0x00000000001064ec                CAMU_GetMaxBytes
 .text.CAMU_SetTrimming
                0x0000000000106530       0x38 C:\devkitPro\libctru/lib\libctru.a(cam.o)
                0x0000000000106530                CAMU_SetTrimming
 .text.CAMU_Activate
                0x0000000000106568       0x34 C:\devkitPro\libctru/lib\libctru.a(cam.o)
                0x0000000000106568                CAMU_Activate
 .text.CAMU_SetAutoExposure
                0x000000000010659c       0x38 C:\devkitPro\libctru/lib\libctru.a(cam.o)
                0x000000000010659c                CAMU_SetAutoExposure
 .text.CAMU_SetAutoWhiteBalance
                0x00000000001065d4       0x38 C:\devkitPro\libctru/lib\libctru.a(cam.o)
                0x00000000001065d4                CAMU_SetAutoWhiteBalance
 .text.CAMU_SetSize
                0x000000000010660c       0x40 C:\devkitPro\libctru/lib\libctru.a(cam.o)
                0x000000000010660c                CAMU_SetSize
 .text.CAMU_SetFrameRate
                0x000000000010664c       0x38 C:\devkitPro\libctru/lib\libctru.a(cam.o)
                0x000000000010664c                CAMU_SetFrameRate
 .text.CAMU_SetOutputFormat
                0x0000000000106684       0x40 C:\devkitPro\libctru/lib\libctru.a(cam.o)
                0x0000000000106684                CAMU_SetOutputFormat
 .text.CAMU_SetNoiseFilter
                0x00000000001066c4       0x38 C:\devkitPro\libctru/lib\libctru.a(cam.o)
                0x00000000001066c4                CAMU_SetNoiseFilter
 .text.CAMU_SynchronizeVsyncTiming
                0x00000000001066fc       0x38 C:\devkitPro\libctru/lib\libctru.a(cam.o)
                0x00000000001066fc                CAMU_SynchronizeVsyncTiming
 .text.CAMU_PlayShutterSound
                0x0000000000106734       0x34 C:\devkitPro\libctru/lib\libctru.a(cam.o)
                0x0000000000106734                CAMU_PlayShutterSound
 .text.hidShouldUseIrrst
                0x0000000000106768       0x24 C:\devkitPro\libctru/lib\libctru.a(hid.o)
                0x0000000000106768                hidShouldUseIrrst
 .text.hidInit  0x000000000010678c      0x18c C:\devkitPro\libctru/lib\libctru.a(hid.o)
                0x000000000010678c                hidInit
 .text.hidExit  0x0000000000106918       0xe8 C:\devkitPro\libctru/lib\libctru.a(hid.o)
                0x0000000000106918                hidExit
 .text.hidScanInput
                0x0000000000106a00      0x2a4 C:\devkitPro\libctru/lib\libctru.a(hid.o)
                0x0000000000106a00                hidScanInput
 .text.hidKeysDown
                0x0000000000106ca4       0x10 C:\devkitPro\libctru/lib\libctru.a(hid.o)
                0x0000000000106ca4                hidKeysDown
 .text.__syscall_getreent
                0x0000000000106cb4       0x30 C:\devkitPro\libctru/lib\libctru.a(syscalls.o)
                0x0000000000106cb4                __syscall_getreent
 .text.__syscall_gettod_r
                0x0000000000106ce4       0x74 C:\devkitPro\libctru/lib\libctru.a(syscalls.o)
                0x0000000000106ce4                __syscall_gettod_r
 .text.__syscall_lock_acquire
                0x0000000000106d58        0x4 C:\devkitPro\libctru/lib\libctru.a(syscalls.o)
                0x0000000000106d58                __syscall_lock_acquire
 .text.__syscall_lock_release
                0x0000000000106d5c        0x4 C:\devkitPro\libctru/lib\libctru.a(syscalls.o)
                0x0000000000106d5c                __syscall_lock_release
 .text.__syscall_lock_init_recursive
                0x0000000000106d60        0x4 C:\devkitPro\libctru/lib\libctru.a(syscalls.o)
                0x0000000000106d60                __syscall_lock_init_recursive
 .text.__syscall_lock_acquire_recursive
                0x0000000000106d64        0x4 C:\devkitPro\libctru/lib\libctru.a(syscalls.o)
                0x0000000000106d64                __syscall_lock_acquire_recursive
 .text.__syscall_lock_release_recursive
                0x0000000000106d68        0x4 C:\devkitPro\libctru/lib\libctru.a(syscalls.o)
                0x0000000000106d68                __syscall_lock_release_recursive
 .text.__syscall_exit
                0x0000000000106d6c        0x4 C:\devkitPro\libctru/lib\libctru.a(syscalls.o)
                0x0000000000106d6c                __syscall_exit
 .text.initThreadVars
                0x0000000000106d70       0x50 C:\devkitPro\libctru/lib\libctru.a(syscalls.o)
                0x0000000000106d70                initThreadVars
 .text.__system_initSyscalls
                0x0000000000106dc0       0x68 C:\devkitPro\libctru/lib\libctru.a(syscalls.o)
                0x0000000000106dc0                __system_initSyscalls
 .text.__libctru_init
                0x0000000000106e28       0x38 C:\devkitPro\libctru/lib\libctru.a(ctru_init.o)
                0x0000000000106e28                __libctru_init
 .text.__system_initArgv
                0x0000000000106e60      0x170 C:\devkitPro\libctru/lib\libctru.a(initArgv.o)
                0x0000000000106e60                __system_initArgv
 .text.svcControlMemory
                0x0000000000106fd0       0x20 C:\devkitPro\libctru/lib\libctru.a(svc.o)
                0x0000000000106fd0                svcControlMemory
 .text.svcQueryMemory
                0x0000000000106ff0       0x30 C:\devkitPro\libctru/lib\libctru.a(svc.o)
                0x0000000000106ff0                svcQueryMemory
 .text.svcExitProcess
                0x0000000000107020        0x8 C:\devkitPro\libctru/lib\libctru.a(svc.o)
                0x0000000000107020                svcExitProcess
 .text.svcCreateThread
                0x0000000000107028       0x20 C:\devkitPro\libctru/lib\libctru.a(svc.o)
                0x0000000000107028                svcCreateThread
 .text.svcExitThread
                0x0000000000107048        0x8 C:\devkitPro\libctru/lib\libctru.a(svc.o)
                0x0000000000107048                svcExitThread
 .text.svcSleepThread
                0x0000000000107050        0x8 C:\devkitPro\libctru/lib\libctru.a(svc.o)
                0x0000000000107050                svcSleepThread
 .text.svcGetThreadPriority
                0x0000000000107058       0x14 C:\devkitPro\libctru/lib\libctru.a(svc.o)
                0x0000000000107058                svcGetThreadPriority
 .text.svcReleaseMutex
                0x000000000010706c        0x8 C:\devkitPro\libctru/lib\libctru.a(svc.o)
                0x000000000010706c                svcReleaseMutex
 .text.svcCreateEvent
                0x0000000000107074       0x14 C:\devkitPro\libctru/lib\libctru.a(svc.o)
                0x0000000000107074                svcCreateEvent
 .text.svcSignalEvent
                0x0000000000107088        0x8 C:\devkitPro\libctru/lib\libctru.a(svc.o)
                0x0000000000107088                svcSignalEvent
 .text.svcClearEvent
                0x0000000000107090        0x8 C:\devkitPro\libctru/lib\libctru.a(svc.o)
                0x0000000000107090                svcClearEvent
 .text.svcMapMemoryBlock
                0x0000000000107098        0x8 C:\devkitPro\libctru/lib\libctru.a(svc.o)
                0x0000000000107098                svcMapMemoryBlock
 .text.svcUnmapMemoryBlock
                0x00000000001070a0        0x8 C:\devkitPro\libctru/lib\libctru.a(svc.o)
                0x00000000001070a0                svcUnmapMemoryBlock
 .text.svcCreateAddressArbiter
                0x00000000001070a8       0x14 C:\devkitPro\libctru/lib\libctru.a(svc.o)
                0x00000000001070a8                svcCreateAddressArbiter
 .text.svcArbitrateAddressNoTimeout
                0x00000000001070bc        0x8 C:\devkitPro\libctru/lib\libctru.a(svc.o)
                0x00000000001070bc                svcArbitrateAddressNoTimeout
 .text.svcCloseHandle
                0x00000000001070c4        0x8 C:\devkitPro\libctru/lib\libctru.a(svc.o)
                0x00000000001070c4                svcCloseHandle
 .text.svcWaitSynchronization
                0x00000000001070cc        0x8 C:\devkitPro\libctru/lib\libctru.a(svc.o)
                0x00000000001070cc                svcWaitSynchronization
 .text.svcWaitSynchronizationN
                0x00000000001070d4       0x28 C:\devkitPro\libctru/lib\libctru.a(svc.o)
                0x00000000001070d4                svcWaitSynchronizationN
 .text.svcDuplicateHandle
                0x00000000001070fc       0x14 C:\devkitPro\libctru/lib\libctru.a(svc.o)
                0x00000000001070fc                svcDuplicateHandle
 .text.svcGetSystemTick
                0x0000000000107110        0x8 C:\devkitPro\libctru/lib\libctru.a(svc.o)
                0x0000000000107110                svcGetSystemTick
 .text.svcConnectToPort
                0x0000000000107118       0x14 C:\devkitPro\libctru/lib\libctru.a(svc.o)
                0x0000000000107118                svcConnectToPort
 .text.svcSendSyncRequest
                0x000000000010712c        0x8 C:\devkitPro\libctru/lib\libctru.a(svc.o)
                0x000000000010712c                svcSendSyncRequest
 .text.svcGetResourceLimit
                0x0000000000107134       0x14 C:\devkitPro\libctru/lib\libctru.a(svc.o)
                0x0000000000107134                svcGetResourceLimit
 .text.svcGetResourceLimitLimitValues
                0x0000000000107148        0x8 C:\devkitPro\libctru/lib\libctru.a(svc.o)
                0x0000000000107148                svcGetResourceLimitLimitValues
 .text.svcGetResourceLimitCurrentValues
                0x0000000000107150        0x8 C:\devkitPro\libctru/lib\libctru.a(svc.o)
                0x0000000000107150                svcGetResourceLimitCurrentValues
 .text.svcBreak
                0x0000000000107158        0x8 C:\devkitPro\libctru/lib\libctru.a(svc.o)
                0x0000000000107158                svcBreak
 .text.initSystem
                0x0000000000107160       0x50 C:\devkitPro\libctru/lib\libctru.a(stack_adjust.o)
                0x0000000000107160                initSystem
 .text.__ctru_exit
                0x00000000001071b0       0x18 C:\devkitPro\libctru/lib\libctru.a(stack_adjust.o)
                0x00000000001071b0                __ctru_exit
 .text._ZL21addrMapNodeComparatorPK11rbtree_nodeS1_
                0x00000000001071c8       0x24 C:\devkitPro\libctru/lib\libctru.a(vram.o)
 .text._ZL21addrMapNodeDestructorP11rbtree_node
                0x00000000001071ec        0x4 C:\devkitPro\libctru/lib\libctru.a(vram.o)
 .text.vramMemAlignAt
                0x00000000001071f0      0x250 C:\devkitPro\libctru/lib\libctru.a(vram.o)
                0x00000000001071f0                vramMemAlignAt
 .text.vramAlloc
                0x0000000000107440        0xc C:\devkitPro\libctru/lib\libctru.a(vram.o)
                0x0000000000107440                vramAlloc
 .text.vramFree
                0x000000000010744c       0x90 C:\devkitPro\libctru/lib\libctru.a(vram.o)
                0x000000000010744c                vramFree
 .text._ZL21addrMapNodeComparatorPK11rbtree_nodeS1_
                0x00000000001074dc       0x24 C:\devkitPro\libctru/lib\libctru.a(linear.o)
 .text._ZL21addrMapNodeDestructorP11rbtree_node
                0x0000000000107500        0x4 C:\devkitPro\libctru/lib\libctru.a(linear.o)
 .text.linearMemAlign
                0x0000000000107504      0x120 C:\devkitPro\libctru/lib\libctru.a(linear.o)
                0x0000000000107504                linearMemAlign
 .text.linearAlloc
                0x0000000000107624        0x8 C:\devkitPro\libctru/lib\libctru.a(linear.o)
                0x0000000000107624                linearAlloc
 .text.linearFree
                0x000000000010762c       0x5c C:\devkitPro\libctru/lib\libctru.a(linear.o)
                0x000000000010762c                linearFree
 .text._ZN7MemPool13CoalesceRightEP8MemBlock
                0x0000000000107688       0x80 C:\devkitPro\libctru/lib\libctru.a(mem_pool.o)
                0x0000000000107688                MemPool::CoalesceRight(MemBlock*)
 .text._ZN7MemPool8AllocateER8MemChunkmi
                0x0000000000107708      0x16c C:\devkitPro\libctru/lib\libctru.a(mem_pool.o)
                0x0000000000107708                MemPool::Allocate(MemChunk&, unsigned long, int)
 .text._ZN7MemPool10DeallocateERK8MemChunk
                0x0000000000107874       0xfc C:\devkitPro\libctru/lib\libctru.a(mem_pool.o)
                0x0000000000107874                MemPool::Deallocate(MemChunk const&)
 .text._ZN7MemPool12GetFreeSpaceEv
                0x0000000000107970       0x30 C:\devkitPro\libctru/lib\libctru.a(mem_pool.o)
                0x0000000000107970                MemPool::GetFreeSpace()
 .text.osGetTimeRef
                0x00000000001079a0       0x54 C:\devkitPro\libctru/lib\libctru.a(os.o)
                0x00000000001079a0                osGetTimeRef
 .text.osGetTime
                0x00000000001079f4       0xec C:\devkitPro\libctru/lib\libctru.a(os.o)
                0x00000000001079f4                osGetTime
 .text.__ctru_speedup_config
                0x0000000000107ae0       0x34 C:\devkitPro\libctru/lib\libctru.a(os.o)
                0x0000000000107ae0                __ctru_speedup_config
 .text.srvInit  0x0000000000107b14      0x130 C:\devkitPro\libctru/lib\libctru.a(srv.o)
                0x0000000000107b14                srvInit
 .text.srvExit  0x0000000000107c44       0x58 C:\devkitPro\libctru/lib\libctru.a(srv.o)
                0x0000000000107c44                srvExit
 .text.srvGetServiceHandleDirect
                0x0000000000107c9c       0xa0 C:\devkitPro\libctru/lib\libctru.a(srv.o)
                0x0000000000107c9c                srvGetServiceHandleDirect
 .text.srvGetServiceHandle
                0x0000000000107d3c       0x38 C:\devkitPro\libctru/lib\libctru.a(srv.o)
                0x0000000000107d3c                srvGetServiceHandle
 .text.srvPublishToSubscriber
                0x0000000000107d74       0x38 C:\devkitPro\libctru/lib\libctru.a(srv.o)
                0x0000000000107d74                srvPublishToSubscriber
 .text.mappableFindAddressWithin
                0x0000000000107dac       0xb4 C:\devkitPro\libctru/lib\libctru.a(mappable.o)
 .text.mappableInit
                0x0000000000107e60       0x28 C:\devkitPro\libctru/lib\libctru.a(mappable.o)
                0x0000000000107e60                mappableInit
 .text.mappableAlloc
                0x0000000000107e88       0x80 C:\devkitPro\libctru/lib\libctru.a(mappable.o)
                0x0000000000107e88                mappableAlloc
 .text.mappableFree
                0x0000000000107f08        0x4 C:\devkitPro\libctru/lib\libctru.a(mappable.o)
                0x0000000000107f08                mappableFree
 .text.irrstInit
                0x0000000000107f0c      0x164 C:\devkitPro\libctru/lib\libctru.a(irrst.o)
                0x0000000000107f0c                irrstInit
 .text.irrstExit
                0x0000000000108070       0xcc C:\devkitPro\libctru/lib\libctru.a(irrst.o)
                0x0000000000108070                irrstExit
 .text.irrstScanInput
                0x000000000010813c       0xb4 C:\devkitPro\libctru/lib\libctru.a(irrst.o)
                0x000000000010813c                irrstScanInput
 .text.irrstKeysHeld
                0x00000000001081f0       0x24 C:\devkitPro\libctru/lib\libctru.a(irrst.o)
                0x00000000001081f0                irrstKeysHeld
 .text.srvPmGetSessionHandle
                0x0000000000108214        0xc C:\devkitPro\libctru/lib\libctru.a(srvpm.o)
                0x0000000000108214                srvPmGetSessionHandle
 .text.ptmSysmInit
                0x0000000000108220       0x74 C:\devkitPro\libctru/lib\libctru.a(ptmsysm.o)
                0x0000000000108220                ptmSysmInit
 .text.ptmSysmExit
                0x0000000000108294       0x3c C:\devkitPro\libctru/lib\libctru.a(ptmsysm.o)
                0x0000000000108294                ptmSysmExit
 .text.PTMSYSM_ConfigureNew3DSCPU
                0x00000000001082d0       0x34 C:\devkitPro\libctru/lib\libctru.a(ptmsysm.o)
                0x00000000001082d0                PTMSYSM_ConfigureNew3DSCPU
 .text.rbtree_init
                0x0000000000108304       0x10 C:\devkitPro\libctru/lib\libctru.a(rbtree_init.o)
                0x0000000000108304                rbtree_init
 .text.do_insert
                0x0000000000108314      0x1b4 C:\devkitPro\libctru/lib\libctru.a(rbtree_insert.o)
 .text.rbtree_insert
                0x00000000001084c8        0x8 C:\devkitPro\libctru/lib\libctru.a(rbtree_insert.o)
                0x00000000001084c8                rbtree_insert
 .text.rbtree_rotate
                0x00000000001084d0       0x90 C:\devkitPro\libctru/lib\libctru.a(rbtree_rotate.o)
                0x00000000001084d0                rbtree_rotate
 .text.rbtree_remove
                0x0000000000108560      0x318 C:\devkitPro\libctru/lib\libctru.a(rbtree_remove.o)
                0x0000000000108560                rbtree_remove
 .text.rbtree_find
                0x0000000000108878       0x74 C:\devkitPro\libctru/lib\libctru.a(rbtree_find.o)
                0x0000000000108878                rbtree_find
 .text.__appInit
                0x00000000001088ec       0x30 C:\devkitPro\libctru/lib\libctru.a(appInit.o)
                0x00000000001088ec                __appInit
 *fill*         0x000000000010891c        0x4 
 .text.__system_allocateHeaps
                0x0000000000108920      0x1e0 C:\devkitPro\libctru/lib\libctru.a(allocateHeaps.o)
                0x0000000000108920                __system_allocateHeaps
 .text.__appExit
                0x0000000000108b00       0x30 C:\devkitPro\libctru/lib\libctru.a(appExit.o)
                0x0000000000108b00                __appExit
 .text.__libctru_exit
                0x0000000000108b30       0x90 C:\devkitPro\libctru/lib\libctru.a(ctru_exit.o)
                0x0000000000108b30                __libctru_exit
 .text.envGetHandle
                0x0000000000108bc0       0x84 C:\devkitPro\libctru/lib\libctru.a(env.o)
                0x0000000000108bc0                envGetHandle
 .text.envDestroyHandles
                0x0000000000108c44       0x50 C:\devkitPro\libctru/lib\libctru.a(env.o)
                0x0000000000108c44                envDestroyHandles
 .text.archive_link
                0x0000000000108c94       0x14 C:\devkitPro\libctru/lib\libctru.a(archive_dev.o)
 .text.archive_dirreset
                0x0000000000108ca8       0x14 C:\devkitPro\libctru/lib\libctru.a(archive_dev.o)
 .text.archive_chmod
                0x0000000000108cbc       0x14 C:\devkitPro\libctru/lib\libctru.a(archive_dev.o)
 .text.error_cmp
                0x0000000000108cd0       0x24 C:\devkitPro\libctru/lib\libctru.a(archive_dev.o)
 .text.archive_translate_error
                0x0000000000108cf4       0x50 C:\devkitPro\libctru/lib\libctru.a(archive_dev.o)
 .text.archive_seek
                0x0000000000108d44       0xc8 C:\devkitPro\libctru/lib\libctru.a(archive_dev.o)
 .text._archiveInit.part.0
                0x0000000000108e0c       0x7c C:\devkitPro\libctru/lib\libctru.a(archive_dev.o)
 .text.archiveFindDevice.part.0
                0x0000000000108e88       0xc4 C:\devkitPro\libctru/lib\libctru.a(archive_dev.o)
 .text.archive_utf16path
                0x0000000000108f4c      0x25c C:\devkitPro\libctru/lib\libctru.a(archive_dev.o)
 .text._archiveUnmountDeviceStruct.part.0
                0x00000000001091a8       0xa0 C:\devkitPro\libctru/lib\libctru.a(archive_dev.o)
 .text.archive_fchmod
                0x0000000000109248       0x14 C:\devkitPro\libctru/lib\libctru.a(archive_dev.o)
 .text.archive_statvfs
                0x000000000010925c       0x14 C:\devkitPro\libctru/lib\libctru.a(archive_dev.o)
 .text._archiveMountDevice
                0x0000000000109270      0x164 C:\devkitPro\libctru/lib\libctru.a(archive_dev.o)
 .text.archive_diropen
                0x00000000001093d4       0xe8 C:\devkitPro\libctru/lib\libctru.a(archive_dev.o)
 .text.archive_fstat
                0x00000000001094bc       0xa4 C:\devkitPro\libctru/lib\libctru.a(archive_dev.o)
 .text.archive_close
                0x0000000000109560       0x6c C:\devkitPro\libctru/lib\libctru.a(archive_dev.o)
 .text.archive_fsync
                0x00000000001095cc       0x6c C:\devkitPro\libctru/lib\libctru.a(archive_dev.o)
 .text.archive_dirclose
                0x0000000000109638       0x70 C:\devkitPro\libctru/lib\libctru.a(archive_dev.o)
 .text.sdmc_statvfs
                0x00000000001096a8       0xe8 C:\devkitPro\libctru/lib\libctru.a(archive_dev.o)
 .text.archive_chdir
                0x0000000000109790       0xec C:\devkitPro\libctru/lib\libctru.a(archive_dev.o)
 .text.archive_ftruncate
                0x000000000010987c       0x7c C:\devkitPro\libctru/lib\libctru.a(archive_dev.o)
 .text.archive_read
                0x00000000001098f8       0xac C:\devkitPro\libctru/lib\libctru.a(archive_dev.o)
 .text.archive_unlink
                0x00000000001099a4       0xa4 C:\devkitPro\libctru/lib\libctru.a(archive_dev.o)
 .text.archive_rmdir
                0x0000000000109a48       0xbc C:\devkitPro\libctru/lib\libctru.a(archive_dev.o)
 .text.archive_mkdir
                0x0000000000109b04       0xdc C:\devkitPro\libctru/lib\libctru.a(archive_dev.o)
 .text.archive_stat
                0x0000000000109be0      0x19c C:\devkitPro\libctru/lib\libctru.a(archive_dev.o)
 .text.archive_dirnext
                0x0000000000109d7c      0x15c C:\devkitPro\libctru/lib\libctru.a(archive_dev.o)
 .text.archive_write
                0x0000000000109ed8       0xec C:\devkitPro\libctru/lib\libctru.a(archive_dev.o)
 .text.archive_open
                0x0000000000109fc4      0x1d4 C:\devkitPro\libctru/lib\libctru.a(archive_dev.o)
 .text.archive_rename
                0x000000000010a198      0x278 C:\devkitPro\libctru/lib\libctru.a(archive_dev.o)
 .text.archiveMountSdmc
                0x000000000010a410      0x19c C:\devkitPro\libctru/lib\libctru.a(archive_dev.o)
                0x000000000010a410                archiveMountSdmc
 .text.archiveUnmountAll
                0x000000000010a5ac       0x54 C:\devkitPro\libctru/lib\libctru.a(archive_dev.o)
                0x000000000010a5ac                archiveUnmountAll
 .text.fsInit   0x000000000010a600       0xcc C:\devkitPro\libctru/lib\libctru.a(fs.o)
                0x000000000010a600                fsInit
 .text.fsExit   0x000000000010a6cc       0x3c C:\devkitPro\libctru/lib\libctru.a(fs.o)
                0x000000000010a6cc                fsExit
 .text.fsExemptFromSession
                0x000000000010a708       0x60 C:\devkitPro\libctru/lib\libctru.a(fs.o)
                0x000000000010a708                fsExemptFromSession
 .text.fsUnexemptFromSession
                0x000000000010a768       0x50 C:\devkitPro\libctru/lib\libctru.a(fs.o)
                0x000000000010a768                fsUnexemptFromSession
 .text.FSUSER_OpenFile
                0x000000000010a7b8       0xcc C:\devkitPro\libctru/lib\libctru.a(fs.o)
                0x000000000010a7b8                FSUSER_OpenFile
 .text.FSUSER_DeleteFile
                0x000000000010a884       0xbc C:\devkitPro\libctru/lib\libctru.a(fs.o)
                0x000000000010a884                FSUSER_DeleteFile
 .text.FSUSER_RenameFile
                0x000000000010a940       0xf8 C:\devkitPro\libctru/lib\libctru.a(fs.o)
                0x000000000010a940                FSUSER_RenameFile
 .text.FSUSER_DeleteDirectory
                0x000000000010aa38       0xbc C:\devkitPro\libctru/lib\libctru.a(fs.o)
                0x000000000010aa38                FSUSER_DeleteDirectory
 .text.FSUSER_CreateFile
                0x000000000010aaf4       0xd4 C:\devkitPro\libctru/lib\libctru.a(fs.o)
                0x000000000010aaf4                FSUSER_CreateFile
 .text.FSUSER_CreateDirectory
                0x000000000010abc8       0xc4 C:\devkitPro\libctru/lib\libctru.a(fs.o)
                0x000000000010abc8                FSUSER_CreateDirectory
 .text.FSUSER_RenameDirectory
                0x000000000010ac8c       0xf8 C:\devkitPro\libctru/lib\libctru.a(fs.o)
                0x000000000010ac8c                FSUSER_RenameDirectory
 .text.FSUSER_OpenDirectory
                0x000000000010ad84       0xb4 C:\devkitPro\libctru/lib\libctru.a(fs.o)
                0x000000000010ad84                FSUSER_OpenDirectory
 .text.FSUSER_OpenArchive
                0x000000000010ae38       0x98 C:\devkitPro\libctru/lib\libctru.a(fs.o)
                0x000000000010ae38                FSUSER_OpenArchive
 .text.FSUSER_CloseArchive
                0x000000000010aed0       0x8c C:\devkitPro\libctru/lib\libctru.a(fs.o)
                0x000000000010aed0                FSUSER_CloseArchive
 .text.FSUSER_GetSdmcArchiveResource
                0x000000000010af5c       0x74 C:\devkitPro\libctru/lib\libctru.a(fs.o)
                0x000000000010af5c                FSUSER_GetSdmcArchiveResource
 .text.FSUSER_IsSdmcWritable
                0x000000000010afd0       0x64 C:\devkitPro\libctru/lib\libctru.a(fs.o)
                0x000000000010afd0                FSUSER_IsSdmcWritable
 .text.FSFILE_Read
                0x000000000010b034       0x58 C:\devkitPro\libctru/lib\libctru.a(fs.o)
                0x000000000010b034                FSFILE_Read
 .text.FSFILE_Write
                0x000000000010b08c       0x60 C:\devkitPro\libctru/lib\libctru.a(fs.o)
                0x000000000010b08c                FSFILE_Write
 .text.FSFILE_GetSize
                0x000000000010b0ec       0x3c C:\devkitPro\libctru/lib\libctru.a(fs.o)
                0x000000000010b0ec                FSFILE_GetSize
 .text.FSFILE_SetSize
                0x000000000010b128       0x28 C:\devkitPro\libctru/lib\libctru.a(fs.o)
                0x000000000010b128                FSFILE_SetSize
 .text.FSFILE_Close
                0x000000000010b150       0x3c C:\devkitPro\libctru/lib\libctru.a(fs.o)
                0x000000000010b150                FSFILE_Close
 .text.FSFILE_Flush
                0x000000000010b18c       0x24 C:\devkitPro\libctru/lib\libctru.a(fs.o)
                0x000000000010b18c                FSFILE_Flush
 .text.FSDIR_Read
                0x000000000010b1b0       0x50 C:\devkitPro\libctru/lib\libctru.a(fs.o)
                0x000000000010b1b0                FSDIR_Read
 .text.FSDIR_Close
                0x000000000010b200       0x3c C:\devkitPro\libctru/lib\libctru.a(fs.o)
                0x000000000010b200                FSDIR_Close
 .text.rbtree_node_next
                0x000000000010b23c       0x5c C:\devkitPro\libctru/lib\libctru.a(rbtree_iterator.o)
                0x000000000010b23c                rbtree_node_next
 .text.utf16_to_utf8
                0x000000000010b298       0xe8 C:\devkitPro\libctru/lib\libctru.a(utf16_to_utf8.o)
                0x000000000010b298                utf16_to_utf8
 .text.decode_utf16
                0x000000000010b380       0x64 C:\devkitPro\libctru/lib\libctru.a(decode_utf16.o)
                0x000000000010b380                decode_utf16
 .text.decode_utf8
                0x000000000010b3e4      0x13c C:\devkitPro\libctru/lib\libctru.a(decode_utf8.o)
                0x000000000010b3e4                decode_utf8
 .text.utf8_to_utf16
                0x000000000010b520       0xc0 C:\devkitPro\libctru/lib\libctru.a(utf8_to_utf16.o)
                0x000000000010b520                utf8_to_utf16
 .text.__aeabi_read_tp
                0x000000000010b5e0        0xc C:\devkitPro\libctru/lib\libctru.a(readtp.o)
                0x000000000010b5e0                __aeabi_read_tp
 .text.encode_utf16
                0x000000000010b5ec       0x54 C:\devkitPro\libctru/lib\libctru.a(encode_utf16.o)
                0x000000000010b5ec                encode_utf16
 .text.encode_utf8
                0x000000000010b640       0xe0 C:\devkitPro\libctru/lib\libctru.a(encode_utf8.o)
                0x000000000010b640                encode_utf8
 .text.__udivmoddi4
                0x000000000010b720      0x120 c:/devkitpro/devkitarm/bin/../lib/gcc/arm-none-eabi/12.1.0/armv6k/fpu\libgcc.a(_udivmoddi4.o)
                0x000000000010b720                __udivmoddi4
 .text.bsearch  0x000000000010b840       0x78 c:/devkitpro/devkitarm/bin/../lib/gcc/arm-none-eabi/12.1.0/../../../../arm-none-eabi/lib/armv6k/fpu\libg.a(lib_a-bsearch.o)
                0x000000000010b840                bsearch
 .text.__errno  0x000000000010b8b8        0xc c:/devkitpro/devkitarm/bin/../lib/gcc/arm-none-eabi/12.1.0/../../../../arm-none-eabi/lib/armv6k/fpu\libg.a(lib_a-errno.o)
                0x000000000010b8b8                __errno
 .text.exit     0x000000000010b8c4       0x34 c:/devkitpro/devkitarm/bin/../lib/gcc/arm-none-eabi/12.1.0/../../../../arm-none-eabi/lib/armv6k/fpu\libg.a(lib_a-exit.o)
                0x000000000010b8c4                exit
 .text.__sflush_r
                0x000000000010b8f8      0x234 c:/devkitpro/devkitarm/bin/../lib/gcc/arm-none-eabi/12.1.0/../../../../arm-none-eabi/lib/armv6k/fpu\libg.a(lib_a-fflush.o)
                0x000000000010b8f8                __sflush_r
 .text._fflush_r
                0x000000000010bb2c       0x94 c:/devkitpro/devkitarm/bin/../lib/gcc/arm-none-eabi/12.1.0/../../../../arm-none-eabi/lib/armv6k/fpu\libg.a(lib_a-fflush.o)
                0x000000000010bb2c                _fflush_r
 .text._cleanup_r
                0x000000000010bbc0        0xc c:/devkitpro/devkitarm/bin/../lib/gcc/arm-none-eabi/12.1.0/../../../../arm-none-eabi/lib/armv6k/fpu\libg.a(lib_a-findfp.o)
                0x000000000010bbc0                _cleanup_r
 .text.__sinit  0x000000000010bbcc      0x184 c:/devkitpro/devkitarm/bin/../lib/gcc/arm-none-eabi/12.1.0/../../../../arm-none-eabi/lib/armv6k/fpu\libg.a(lib_a-findfp.o)
                0x000000000010bbcc                __sinit
 .text.__sfp_lock_acquire
                0x000000000010bd50        0xc c:/devkitpro/devkitarm/bin/../lib/gcc/arm-none-eabi/12.1.0/../../../../arm-none-eabi/lib/armv6k/fpu\libg.a(lib_a-findfp.o)
                0x000000000010bd50                __sfp_lock_acquire
 .text.__sfp_lock_release
                0x000000000010bd5c        0xc c:/devkitpro/devkitarm/bin/../lib/gcc/arm-none-eabi/12.1.0/../../../../arm-none-eabi/lib/armv6k/fpu\libg.a(lib_a-findfp.o)
                0x000000000010bd5c                __sfp_lock_release
 .text.__libc_fini_array
                0x000000000010bd68       0x3c c:/devkitpro/devkitarm/bin/../lib/gcc/arm-none-eabi/12.1.0/../../../../arm-none-eabi/lib/armv6k/fpu\libg.a(lib_a-fini.o)
                0x000000000010bd68                __libc_fini_array
 .text._malloc_trim_r
                0x000000000010bda4       0xf8 c:/devkitpro/devkitarm/bin/../lib/gcc/arm-none-eabi/12.1.0/../../../../arm-none-eabi/lib/armv6k/fpu\libg.a(lib_a-freer.o)
                0x000000000010bda4                _malloc_trim_r
 .text._free_r  0x000000000010be9c      0x2e8 c:/devkitpro/devkitarm/bin/../lib/gcc/arm-none-eabi/12.1.0/../../../../arm-none-eabi/lib/armv6k/fpu\libg.a(lib_a-freer.o)
                0x000000000010be9c                _free_r
 .text._fwalk_reent
                0x000000000010c184       0x70 c:/devkitpro/devkitarm/bin/../lib/gcc/arm-none-eabi/12.1.0/../../../../arm-none-eabi/lib/armv6k/fpu\libg.a(lib_a-fwalk.o)
                0x000000000010c184                _fwalk_reent
 .text.__libc_init_array
                0x000000000010c1f4       0x84 c:/devkitpro/devkitarm/bin/../lib/gcc/arm-none-eabi/12.1.0/../../../../arm-none-eabi/lib/armv6k/fpu\libg.a(lib_a-init.o)
                0x000000000010c1f4                __libc_init_array
 .text.memalign
                0x000000000010c278       0x20 c:/devkitpro/devkitarm/bin/../lib/gcc/arm-none-eabi/12.1.0/../../../../arm-none-eabi/lib/armv6k/fpu\libg.a(lib_a-malign.o)
                0x000000000010c278                memalign
 .text._memalign_r
                0x000000000010c298      0x14c c:/devkitpro/devkitarm/bin/../lib/gcc/arm-none-eabi/12.1.0/../../../../arm-none-eabi/lib/armv6k/fpu\libg.a(lib_a-malignr.o)
                0x000000000010c298                _memalign_r
 .text.malloc   0x000000000010c3e4       0x18 c:/devkitpro/devkitarm/bin/../lib/gcc/arm-none-eabi/12.1.0/../../../../arm-none-eabi/lib/armv6k/fpu\libg.a(lib_a-malloc.o)
                0x000000000010c3e4                malloc
 .text.free     0x000000000010c3fc       0x18 c:/devkitpro/devkitarm/bin/../lib/gcc/arm-none-eabi/12.1.0/../../../../arm-none-eabi/lib/armv6k/fpu\libg.a(lib_a-malloc.o)
                0x000000000010c3fc                free
 .text._malloc_r
                0x000000000010c414      0x7e4 c:/devkitpro/devkitarm/bin/../lib/gcc/arm-none-eabi/12.1.0/../../../../arm-none-eabi/lib/armv6k/fpu\libg.a(lib_a-mallocr.o)
                0x000000000010c414                _malloc_r
 .text.memchr   0x000000000010cbf8       0xe4 c:/devkitpro/devkitarm/bin/../lib/gcc/arm-none-eabi/12.1.0/../../../../arm-none-eabi/lib/armv6k/fpu\libg.a(lib_a-memchr-stub.o)
                0x000000000010cbf8                memchr
 .text.memcpy   0x000000000010ccdc      0x118 c:/devkitpro/devkitarm/bin/../lib/gcc/arm-none-eabi/12.1.0/../../../../arm-none-eabi/lib/armv6k/fpu\libg.a(lib_a-memcpy-stub.o)
                0x000000000010ccdc                memcpy
 .text.memset   0x000000000010cdf4       0xf4 c:/devkitpro/devkitarm/bin/../lib/gcc/arm-none-eabi/12.1.0/../../../../arm-none-eabi/lib/armv6k/fpu\libg.a(lib_a-memset.o)
                0x000000000010cdf4                memset
 .text.__malloc_lock
                0x000000000010cee8        0xc c:/devkitpro/devkitarm/bin/../lib/gcc/arm-none-eabi/12.1.0/../../../../arm-none-eabi/lib/armv6k/fpu\libg.a(lib_a-mlock.o)
                0x000000000010cee8                __malloc_lock
 .text.__malloc_unlock
                0x000000000010cef4        0xc c:/devkitpro/devkitarm/bin/../lib/gcc/arm-none-eabi/12.1.0/../../../../arm-none-eabi/lib/armv6k/fpu\libg.a(lib_a-mlock.o)
                0x000000000010cef4                __malloc_unlock
 .text.printf   0x000000000010cf00       0x34 c:/devkitpro/devkitarm/bin/../lib/gcc/arm-none-eabi/12.1.0/../../../../arm-none-eabi/lib/armv6k/fpu\libg.a(lib_a-printf.o)
                0x000000000010cf00                printf
 .text.setvbuf  0x000000000010cf34      0x25c c:/devkitpro/devkitarm/bin/../lib/gcc/arm-none-eabi/12.1.0/../../../../arm-none-eabi/lib/armv6k/fpu\libg.a(lib_a-setvbuf.o)
                0x000000000010cf34                setvbuf
 .text.sscanf   0x000000000010d190       0x74 c:/devkitpro/devkitarm/bin/../lib/gcc/arm-none-eabi/12.1.0/../../../../arm-none-eabi/lib/armv6k/fpu\libg.a(lib_a-sscanf.o)
                0x000000000010d190                sscanf
 .text.__sread  0x000000000010d204       0x44 c:/devkitpro/devkitarm/bin/../lib/gcc/arm-none-eabi/12.1.0/../../../../arm-none-eabi/lib/armv6k/fpu\libg.a(lib_a-stdio.o)
                0x000000000010d204                __sread
 .text.__seofread
                0x000000000010d248        0x8 c:/devkitpro/devkitarm/bin/../lib/gcc/arm-none-eabi/12.1.0/../../../../arm-none-eabi/lib/armv6k/fpu\libg.a(lib_a-stdio.o)
                0x000000000010d248                __seofread
 .text.__swrite
                0x000000000010d250       0x68 c:/devkitpro/devkitarm/bin/../lib/gcc/arm-none-eabi/12.1.0/../../../../arm-none-eabi/lib/armv6k/fpu\libg.a(lib_a-stdio.o)
                0x000000000010d250                __swrite
 .text.__sseek  0x000000000010d2b8       0x44 c:/devkitpro/devkitarm/bin/../lib/gcc/arm-none-eabi/12.1.0/../../../../arm-none-eabi/lib/armv6k/fpu\libg.a(lib_a-stdio.o)
                0x000000000010d2b8                __sseek
 .text.__sclose
                0x000000000010d2fc        0x8 c:/devkitpro/devkitarm/bin/../lib/gcc/arm-none-eabi/12.1.0/../../../../arm-none-eabi/lib/armv6k/fpu\libg.a(lib_a-stdio.o)
                0x000000000010d2fc                __sclose
 .text.strlen   0x000000000010d304       0x5c c:/devkitpro/devkitarm/bin/../lib/gcc/arm-none-eabi/12.1.0/../../../../arm-none-eabi/lib/armv6k/fpu\libg.a(lib_a-strlen-stub.o)
                0x000000000010d304                strlen
 .text.strncat  0x000000000010d360       0xe4 c:/devkitpro/devkitarm/bin/../lib/gcc/arm-none-eabi/12.1.0/../../../../arm-none-eabi/lib/armv6k/fpu\libg.a(lib_a-strncat.o)
                0x000000000010d360                strncat
 .text.strncmp  0x000000000010d444       0xe4 c:/devkitpro/devkitarm/bin/../lib/gcc/arm-none-eabi/12.1.0/../../../../arm-none-eabi/lib/armv6k/fpu\libg.a(lib_a-strncmp.o)
                0x000000000010d444                strncmp
 .text.strncpy  0x000000000010d528       0xc4 c:/devkitpro/devkitarm/bin/../lib/gcc/arm-none-eabi/12.1.0/../../../../arm-none-eabi/lib/armv6k/fpu\libg.a(lib_a-strncpy.o)
                0x000000000010d528                strncpy
 .text.strnlen  0x000000000010d5ec       0x48 c:/devkitpro/devkitarm/bin/../lib/gcc/arm-none-eabi/12.1.0/../../../../arm-none-eabi/lib/armv6k/fpu\libg.a(lib_a-strnlen.o)
                0x000000000010d5ec                strnlen
 .text._strtoul_l.constprop.0
                0x000000000010d634      0x1c4 c:/devkitpro/devkitarm/bin/../lib/gcc/arm-none-eabi/12.1.0/../../../../arm-none-eabi/lib/armv6k/fpu\libg.a(lib_a-strtoul.o)
 .text._strtoul_r
                0x000000000010d7f8        0x4 c:/devkitpro/devkitarm/bin/../lib/gcc/arm-none-eabi/12.1.0/../../../../arm-none-eabi/lib/armv6k/fpu\libg.a(lib_a-strtoul.o)
                0x000000000010d7f8                _strtoul_r
 .text.strtoul  0x000000000010d7fc       0x28 c:/devkitpro/devkitarm/bin/../lib/gcc/arm-none-eabi/12.1.0/../../../../arm-none-eabi/lib/armv6k/fpu\libg.a(lib_a-strtoul.o)
                0x000000000010d7fc                strtoul
 .text.get_arg  0x000000000010d824       0x50 c:/devkitpro/devkitarm/bin/../lib/gcc/arm-none-eabi/12.1.0/../../../../arm-none-eabi/lib/armv6k/fpu\libg.a(lib_a-svfscanf.o)
 .text.__ssvfscanf_r
                0x000000000010d874     0x2c38 c:/devkitpro/devkitarm/bin/../lib/gcc/arm-none-eabi/12.1.0/../../../../arm-none-eabi/lib/armv6k/fpu\libg.a(lib_a-svfscanf.o)
                0x000000000010d874                __ssvfscanf_r
 .text.gettimeofday
                0x00000000001104ac       0x20 c:/devkitpro/devkitarm/bin/../lib/gcc/arm-none-eabi/12.1.0/../../../../arm-none-eabi/lib/armv6k/fpu\libg.a(lib_a-sysgettod.o)
                0x00000000001104ac                gettimeofday
 .text.get_arg  0x00000000001104cc      0x66c c:/devkitpro/devkitarm/bin/../lib/gcc/arm-none-eabi/12.1.0/../../../../arm-none-eabi/lib/armv6k/fpu\libg.a(lib_a-vfprintf.o)
 .text._vfprintf_r
                0x0000000000110b38     0x339c c:/devkitpro/devkitarm/bin/../lib/gcc/arm-none-eabi/12.1.0/../../../../arm-none-eabi/lib/armv6k/fpu\libg.a(lib_a-vfprintf.o)
                0x0000000000110b38                _vfprintf_r
 .text.__sbprintf
                0x0000000000113ed4       0xd0 c:/devkitpro/devkitarm/bin/../lib/gcc/arm-none-eabi/12.1.0/../../../../arm-none-eabi/lib/armv6k/fpu\libg.a(lib_a-vfprintf.o)
 .text._wcrtomb_r
                0x0000000000113fa4       0x54 c:/devkitpro/devkitarm/bin/../lib/gcc/arm-none-eabi/12.1.0/../../../../arm-none-eabi/lib/armv6k/fpu\libg.a(lib_a-wcrtomb.o)
                0x0000000000113fa4                _wcrtomb_r
 .text._wcsrtombs_r
                0x0000000000113ff8       0x28 c:/devkitpro/devkitarm/bin/../lib/gcc/arm-none-eabi/12.1.0/../../../../arm-none-eabi/lib/armv6k/fpu\libg.a(lib_a-wcsrtombs.o)
                0x0000000000113ff8                _wcsrtombs_r
 .text.__swsetup_r
                0x0000000000114020      0x13c c:/devkitpro/devkitarm/bin/../lib/gcc/arm-none-eabi/12.1.0/../../../../arm-none-eabi/lib/armv6k/fpu\libg.a(lib_a-wsetup.o)
                0x0000000000114020                __swsetup_r
 .text.__call_exitprocs
                0x000000000011415c      0x114 c:/devkitpro/devkitarm/bin/../lib/gcc/arm-none-eabi/12.1.0/../../../../arm-none-eabi/lib/armv6k/fpu\libg.a(lib_a-__call_atexit.o)
                0x000000000011415c                __call_exitprocs
 .text.quorem   0x0000000000114270      0x1b0 c:/devkitpro/devkitarm/bin/../lib/gcc/arm-none-eabi/12.1.0/../../../../arm-none-eabi/lib/armv6k/fpu\libg.a(lib_a-dtoa.o)
 .text._dtoa_r  0x0000000000114420     0x11f8 c:/devkitpro/devkitarm/bin/../lib/gcc/arm-none-eabi/12.1.0/../../../../arm-none-eabi/lib/armv6k/fpu\libg.a(lib_a-dtoa.o)
                0x0000000000114420                _dtoa_r
 .text._fclose_r
                0x0000000000115618      0x15c c:/devkitpro/devkitarm/bin/../lib/gcc/arm-none-eabi/12.1.0/../../../../arm-none-eabi/lib/armv6k/fpu\libg.a(lib_a-fclose.o)
                0x0000000000115618                _fclose_r
 .text.__sfvwrite_r
                0x0000000000115774      0x4b4 c:/devkitpro/devkitarm/bin/../lib/gcc/arm-none-eabi/12.1.0/../../../../arm-none-eabi/lib/armv6k/fpu\libg.a(lib_a-fvwrite.o)
                0x0000000000115774                __sfvwrite_r
 .text.iswspace
                0x0000000000115c28        0x8 c:/devkitpro/devkitarm/bin/../lib/gcc/arm-none-eabi/12.1.0/../../../../arm-none-eabi/lib/armv6k/fpu\libg.a(lib_a-iswspace.o)
                0x0000000000115c28                iswspace
 .text._localeconv_r
                0x0000000000115c30        0xc c:/devkitpro/devkitarm/bin/../lib/gcc/arm-none-eabi/12.1.0/../../../../arm-none-eabi/lib/armv6k/fpu\libg.a(lib_a-localeconv.o)
                0x0000000000115c30                _localeconv_r
 .text.__locale_mb_cur_max
                0x0000000000115c3c       0x10 c:/devkitpro/devkitarm/bin/../lib/gcc/arm-none-eabi/12.1.0/../../../../arm-none-eabi/lib/armv6k/fpu\libg.a(lib_a-locale.o)
                0x0000000000115c3c                __locale_mb_cur_max
 .text.__smakebuf_r
                0x0000000000115c4c      0x138 c:/devkitpro/devkitarm/bin/../lib/gcc/arm-none-eabi/12.1.0/../../../../arm-none-eabi/lib/armv6k/fpu\libg.a(lib_a-makebuf.o)
                0x0000000000115c4c                __smakebuf_r
 .text.__swhatbuf_r
                0x0000000000115d84       0x8c c:/devkitpro/devkitarm/bin/../lib/gcc/arm-none-eabi/12.1.0/../../../../arm-none-eabi/lib/armv6k/fpu\libg.a(lib_a-makebuf.o)
                0x0000000000115d84                __swhatbuf_r
 .text._mbrtowc_r
                0x0000000000115e10       0x68 c:/devkitpro/devkitarm/bin/../lib/gcc/arm-none-eabi/12.1.0/../../../../arm-none-eabi/lib/armv6k/fpu\libg.a(lib_a-mbrtowc.o)
                0x0000000000115e10                _mbrtowc_r
 .text.__utf8_mbtowc
                0x0000000000115e78      0x2f8 c:/devkitpro/devkitarm/bin/../lib/gcc/arm-none-eabi/12.1.0/../../../../arm-none-eabi/lib/armv6k/fpu\libg.a(lib_a-mbtowc_r.o)
                0x0000000000115e78                __utf8_mbtowc
 .text.memmove  0x0000000000116170      0x150 c:/devkitpro/devkitarm/bin/../lib/gcc/arm-none-eabi/12.1.0/../../../../arm-none-eabi/lib/armv6k/fpu\libg.a(lib_a-memmove.o)
                0x0000000000116170                memmove
 .text._Balloc  0x00000000001162c0       0x88 c:/devkitpro/devkitarm/bin/../lib/gcc/arm-none-eabi/12.1.0/../../../../arm-none-eabi/lib/armv6k/fpu\libg.a(lib_a-mprec.o)
                0x00000000001162c0                _Balloc
 .text._Bfree   0x0000000000116348       0x1c c:/devkitpro/devkitarm/bin/../lib/gcc/arm-none-eabi/12.1.0/../../../../arm-none-eabi/lib/armv6k/fpu\libg.a(lib_a-mprec.o)
                0x0000000000116348                _Bfree
 .text.__multadd
                0x0000000000116364       0xf4 c:/devkitpro/devkitarm/bin/../lib/gcc/arm-none-eabi/12.1.0/../../../../arm-none-eabi/lib/armv6k/fpu\libg.a(lib_a-mprec.o)
                0x0000000000116364                __multadd
 .text.__s2b    0x0000000000116458      0x110 c:/devkitpro/devkitarm/bin/../lib/gcc/arm-none-eabi/12.1.0/../../../../arm-none-eabi/lib/armv6k/fpu\libg.a(lib_a-mprec.o)
                0x0000000000116458                __s2b
 .text.__hi0bits
                0x0000000000116568       0x60 c:/devkitpro/devkitarm/bin/../lib/gcc/arm-none-eabi/12.1.0/../../../../arm-none-eabi/lib/armv6k/fpu\libg.a(lib_a-mprec.o)
                0x0000000000116568                __hi0bits
 .text.__lo0bits
                0x00000000001165c8       0x9c c:/devkitpro/devkitarm/bin/../lib/gcc/arm-none-eabi/12.1.0/../../../../arm-none-eabi/lib/armv6k/fpu\libg.a(lib_a-mprec.o)
                0x00000000001165c8                __lo0bits
 .text.__i2b    0x0000000000116664       0xa8 c:/devkitpro/devkitarm/bin/../lib/gcc/arm-none-eabi/12.1.0/../../../../arm-none-eabi/lib/armv6k/fpu\libg.a(lib_a-mprec.o)
                0x0000000000116664                __i2b
 .text.__multiply
                0x000000000011670c      0x204 c:/devkitpro/devkitarm/bin/../lib/gcc/arm-none-eabi/12.1.0/../../../../arm-none-eabi/lib/armv6k/fpu\libg.a(lib_a-mprec.o)
                0x000000000011670c                __multiply
 .text.__pow5mult
                0x0000000000116910      0x124 c:/devkitpro/devkitarm/bin/../lib/gcc/arm-none-eabi/12.1.0/../../../../arm-none-eabi/lib/armv6k/fpu\libg.a(lib_a-mprec.o)
                0x0000000000116910                __pow5mult
 .text.__lshift
                0x0000000000116a34      0x140 c:/devkitpro/devkitarm/bin/../lib/gcc/arm-none-eabi/12.1.0/../../../../arm-none-eabi/lib/armv6k/fpu\libg.a(lib_a-mprec.o)
                0x0000000000116a34                __lshift
 .text.__mcmp   0x0000000000116b74       0x58 c:/devkitpro/devkitarm/bin/../lib/gcc/arm-none-eabi/12.1.0/../../../../arm-none-eabi/lib/armv6k/fpu\libg.a(lib_a-mprec.o)
                0x0000000000116b74                __mcmp
 .text.__mdiff  0x0000000000116bcc      0x1ec c:/devkitpro/devkitarm/bin/../lib/gcc/arm-none-eabi/12.1.0/../../../../arm-none-eabi/lib/armv6k/fpu\libg.a(lib_a-mprec.o)
                0x0000000000116bcc                __mdiff
 .text.__ulp    0x0000000000116db8       0x68 c:/devkitpro/devkitarm/bin/../lib/gcc/arm-none-eabi/12.1.0/../../../../arm-none-eabi/lib/armv6k/fpu\libg.a(lib_a-mprec.o)
                0x0000000000116db8                __ulp
 .text.__b2d    0x0000000000116e20       0xd0 c:/devkitpro/devkitarm/bin/../lib/gcc/arm-none-eabi/12.1.0/../../../../arm-none-eabi/lib/armv6k/fpu\libg.a(lib_a-mprec.o)
                0x0000000000116e20                __b2d
 .text.__d2b    0x0000000000116ef0      0x120 c:/devkitpro/devkitarm/bin/../lib/gcc/arm-none-eabi/12.1.0/../../../../arm-none-eabi/lib/armv6k/fpu\libg.a(lib_a-mprec.o)
                0x0000000000116ef0                __d2b
 .text.__ratio  0x0000000000117010       0x78 c:/devkitpro/devkitarm/bin/../lib/gcc/arm-none-eabi/12.1.0/../../../../arm-none-eabi/lib/armv6k/fpu\libg.a(lib_a-mprec.o)
                0x0000000000117010                __ratio
 .text.__copybits
                0x0000000000117088       0x88 c:/devkitpro/devkitarm/bin/../lib/gcc/arm-none-eabi/12.1.0/../../../../arm-none-eabi/lib/armv6k/fpu\libg.a(lib_a-mprec.o)
                0x0000000000117088                __copybits
 .text.__any_on
                0x0000000000117110       0x5c c:/devkitpro/devkitarm/bin/../lib/gcc/arm-none-eabi/12.1.0/../../../../arm-none-eabi/lib/armv6k/fpu\libg.a(lib_a-mprec.o)
                0x0000000000117110                __any_on
 .text.realloc  0x000000000011716c       0x20 c:/devkitpro/devkitarm/bin/../lib/gcc/arm-none-eabi/12.1.0/../../../../arm-none-eabi/lib/armv6k/fpu\libg.a(lib_a-realloc.o)
                0x000000000011716c                realloc
 .text._realloc_r
                0x000000000011718c      0x4a0 c:/devkitpro/devkitarm/bin/../lib/gcc/arm-none-eabi/12.1.0/../../../../arm-none-eabi/lib/armv6k/fpu\libg.a(lib_a-reallocr.o)
                0x000000000011718c                _realloc_r
 .text.__sccl   0x000000000011762c       0xf4 c:/devkitpro/devkitarm/bin/../lib/gcc/arm-none-eabi/12.1.0/../../../../arm-none-eabi/lib/armv6k/fpu\libg.a(lib_a-sccl.o)
                0x000000000011762c                __sccl
 .text.nanf     0x0000000000117720        0xc c:/devkitpro/devkitarm/bin/../lib/gcc/arm-none-eabi/12.1.0/../../../../arm-none-eabi/lib/armv6k/fpu\libg.a(lib_a-sf_nan.o)
                0x0000000000117720                nanf
 *fill*         0x000000000011772c        0x4 
 .text.frexp    0x0000000000117730       0x88 c:/devkitpro/devkitarm/bin/../lib/gcc/arm-none-eabi/12.1.0/../../../../arm-none-eabi/lib/armv6k/fpu\libg.a(lib_a-s_frexp.o)
                0x0000000000117730                frexp
 .text.sprintf  0x00000000001177b8       0x64 c:/devkitpro/devkitarm/bin/../lib/gcc/arm-none-eabi/12.1.0/../../../../arm-none-eabi/lib/armv6k/fpu\libg.a(lib_a-sprintf.o)
                0x00000000001177b8                sprintf
 .text.stpncpy  0x000000000011781c       0xcc c:/devkitpro/devkitarm/bin/../lib/gcc/arm-none-eabi/12.1.0/../../../../arm-none-eabi/lib/armv6k/fpu\libg.a(lib_a-stpncpy.o)
                0x000000000011781c                stpncpy
 .text.strchr   0x00000000001178e8      0x130 c:/devkitpro/devkitarm/bin/../lib/gcc/arm-none-eabi/12.1.0/../../../../arm-none-eabi/lib/armv6k/fpu\libg.a(lib_a-strchr.o)
                0x00000000001178e8                strchr
 .text.sulp     0x0000000000117a18       0x64 c:/devkitpro/devkitarm/bin/../lib/gcc/arm-none-eabi/12.1.0/../../../../arm-none-eabi/lib/armv6k/fpu\libg.a(lib_a-strtod.o)
 *fill*         0x0000000000117a7c        0x4 
 .text._strtod_l
                0x0000000000117a80     0x13a8 c:/devkitpro/devkitarm/bin/../lib/gcc/arm-none-eabi/12.1.0/../../../../arm-none-eabi/lib/armv6k/fpu\libg.a(lib_a-strtod.o)
                0x0000000000117a80                _strtod_l
 .text._strtod_r
                0x0000000000118e28        0xc c:/devkitpro/devkitarm/bin/../lib/gcc/arm-none-eabi/12.1.0/../../../../arm-none-eabi/lib/armv6k/fpu\libg.a(lib_a-strtod.o)
                0x0000000000118e28                _strtod_r
 .text._strtoll_l.constprop.0
                0x0000000000118e34      0x22c c:/devkitpro/devkitarm/bin/../lib/gcc/arm-none-eabi/12.1.0/../../../../arm-none-eabi/lib/armv6k/fpu\libg.a(lib_a-strtoll.o)
 .text._strtoll_r
                0x0000000000119060        0x4 c:/devkitpro/devkitarm/bin/../lib/gcc/arm-none-eabi/12.1.0/../../../../arm-none-eabi/lib/armv6k/fpu\libg.a(lib_a-strtoll.o)
                0x0000000000119060                _strtoll_r
 .text._strtol_l.part.0
                0x0000000000119064      0x1a4 c:/devkitpro/devkitarm/bin/../lib/gcc/arm-none-eabi/12.1.0/../../../../arm-none-eabi/lib/armv6k/fpu\libg.a(lib_a-strtol.o)
 .text._strtol_r
                0x0000000000119208       0x3c c:/devkitpro/devkitarm/bin/../lib/gcc/arm-none-eabi/12.1.0/../../../../arm-none-eabi/lib/armv6k/fpu\libg.a(lib_a-strtol.o)
                0x0000000000119208                _strtol_r
 .text._strtoull_l.constprop.0
                0x0000000000119244      0x244 c:/devkitpro/devkitarm/bin/../lib/gcc/arm-none-eabi/12.1.0/../../../../arm-none-eabi/lib/armv6k/fpu\libg.a(lib_a-strtoull.o)
 .text._strtoull_r
                0x0000000000119488        0x4 c:/devkitpro/devkitarm/bin/../lib/gcc/arm-none-eabi/12.1.0/../../../../arm-none-eabi/lib/armv6k/fpu\libg.a(lib_a-strtoull.o)
                0x0000000000119488                _strtoull_r
 .text.__ssprint_r
                0x000000000011948c      0x188 c:/devkitpro/devkitarm/bin/../lib/gcc/arm-none-eabi/12.1.0/../../../../arm-none-eabi/lib/armv6k/fpu\libg.a(lib_a-svfiprintf.o)
                0x000000000011948c                __ssprint_r
 .text._sungetc_r
                0x0000000000119614       0xd4 c:/devkitpro/devkitarm/bin/../lib/gcc/arm-none-eabi/12.1.0/../../../../arm-none-eabi/lib/armv6k/fpu\libg.a(lib_a-svfiscanf.o)
                0x0000000000119614                _sungetc_r
 .text.__ssrefill_r
                0x00000000001196e8       0x6c c:/devkitpro/devkitarm/bin/../lib/gcc/arm-none-eabi/12.1.0/../../../../arm-none-eabi/lib/armv6k/fpu\libg.a(lib_a-svfiscanf.o)
                0x00000000001196e8                __ssrefill_r
 .text._sfread_r
                0x0000000000119754       0xc4 c:/devkitpro/devkitarm/bin/../lib/gcc/arm-none-eabi/12.1.0/../../../../arm-none-eabi/lib/armv6k/fpu\libg.a(lib_a-svfiscanf.o)
                0x0000000000119754                _sfread_r
 .text.get_arg  0x0000000000119818      0x66c c:/devkitpro/devkitarm/bin/../lib/gcc/arm-none-eabi/12.1.0/../../../../arm-none-eabi/lib/armv6k/fpu\libg.a(lib_a-svfprintf.o)
 *fill*         0x0000000000119e84        0x4 
 .text._svfprintf_r
                0x0000000000119e88     0x3334 c:/devkitpro/devkitarm/bin/../lib/gcc/arm-none-eabi/12.1.0/../../../../arm-none-eabi/lib/armv6k/fpu\libg.a(lib_a-svfprintf.o)
                0x0000000000119e88                _svfprintf_r
 .text.__submore
                0x000000000011d1bc       0xa8 c:/devkitpro/devkitarm/bin/../lib/gcc/arm-none-eabi/12.1.0/../../../../arm-none-eabi/lib/armv6k/fpu\libg.a(lib_a-ungetc.o)
                0x000000000011d1bc                __submore
 .text.get_arg  0x000000000011d264      0x66c c:/devkitpro/devkitarm/bin/../lib/gcc/arm-none-eabi/12.1.0/../../../../arm-none-eabi/lib/armv6k/fpu\libg.a(lib_a-vfiprintf.o)
 .text.__sprint_r
                0x000000000011d8d0       0x30 c:/devkitpro/devkitarm/bin/../lib/gcc/arm-none-eabi/12.1.0/../../../../arm-none-eabi/lib/armv6k/fpu\libg.a(lib_a-vfiprintf.o)
                0x000000000011d8d0                __sprint_r
 .text._vfiprintf_r
                0x000000000011d900     0x22ec c:/devkitpro/devkitarm/bin/../lib/gcc/arm-none-eabi/12.1.0/../../../../arm-none-eabi/lib/armv6k/fpu\libg.a(lib_a-vfiprintf.o)
                0x000000000011d900                _vfiprintf_r
 .text.__sbprintf
                0x000000000011fbec       0xd0 c:/devkitpro/devkitarm/bin/../lib/gcc/arm-none-eabi/12.1.0/../../../../arm-none-eabi/lib/armv6k/fpu\libg.a(lib_a-vfiprintf.o)
 .text._wcsnrtombs_l
                0x000000000011fcbc      0x188 c:/devkitpro/devkitarm/bin/../lib/gcc/arm-none-eabi/12.1.0/../../../../arm-none-eabi/lib/armv6k/fpu\libg.a(lib_a-wcsnrtombs.o)
                0x000000000011fcbc                _wcsnrtombs_l
 .text._wcsnrtombs_r
                0x000000000011fe44       0x4c c:/devkitpro/devkitarm/bin/../lib/gcc/arm-none-eabi/12.1.0/../../../../arm-none-eabi/lib/armv6k/fpu\libg.a(lib_a-wcsnrtombs.o)
                0x000000000011fe44                _wcsnrtombs_r
 .text.__utf8_wctomb
                0x000000000011fe90       0xf0 c:/devkitpro/devkitarm/bin/../lib/gcc/arm-none-eabi/12.1.0/../../../../arm-none-eabi/lib/armv6k/fpu\libg.a(lib_a-wctomb_r.o)
                0x000000000011fe90                __utf8_wctomb
 .text.__assert_func
                0x000000000011ff80       0x5c c:/devkitpro/devkitarm/bin/../lib/gcc/arm-none-eabi/12.1.0/../../../../arm-none-eabi/lib/armv6k/fpu\libg.a(lib_a-assert.o)
                0x000000000011ff80                __assert_func
 .text._calloc_r
                0x000000000011ffdc       0xc0 c:/devkitpro/devkitarm/bin/../lib/gcc/arm-none-eabi/12.1.0/../../../../arm-none-eabi/lib/armv6k/fpu\libg.a(lib_a-callocr.o)
                0x000000000011ffdc                _calloc_r
 .text.fiprintf
                0x000000000012009c       0x3c c:/devkitpro/devkitarm/bin/../lib/gcc/arm-none-eabi/12.1.0/../../../../arm-none-eabi/lib/armv6k/fpu\libg.a(lib_a-fiprintf.o)
                0x000000000012009c                fiprintf
 .text.rshift   0x00000000001200d8       0xf0 c:/devkitpro/devkitarm/bin/../lib/gcc/arm-none-eabi/12.1.0/../../../../arm-none-eabi/lib/armv6k/fpu\libg.a(lib_a-gdtoa-gethex.o)
 .text.__gethex
                0x00000000001201c8      0x814 c:/devkitpro/devkitarm/bin/../lib/gcc/arm-none-eabi/12.1.0/../../../../arm-none-eabi/lib/armv6k/fpu\libg.a(lib_a-gdtoa-gethex.o)
                0x00000000001201c8                __gethex
 .text.__match  0x00000000001209dc       0x4c c:/devkitpro/devkitarm/bin/../lib/gcc/arm-none-eabi/12.1.0/../../../../arm-none-eabi/lib/armv6k/fpu\libg.a(lib_a-gdtoa-hexnan.o)
                0x00000000001209dc                __match
 .text.__hexnan
                0x0000000000120a28      0x29c c:/devkitpro/devkitarm/bin/../lib/gcc/arm-none-eabi/12.1.0/../../../../arm-none-eabi/lib/armv6k/fpu\libg.a(lib_a-gdtoa-hexnan.o)
                0x0000000000120a28                __hexnan
 .text.iswspace_l
                0x0000000000120cc4       0x3c c:/devkitpro/devkitarm/bin/../lib/gcc/arm-none-eabi/12.1.0/../../../../arm-none-eabi/lib/armv6k/fpu\libg.a(lib_a-iswspace_l.o)
                0x0000000000120cc4                iswspace_l
 .text.__jp2uc  0x0000000000120d00      0x1d8 c:/devkitpro/devkitarm/bin/../lib/gcc/arm-none-eabi/12.1.0/../../../../arm-none-eabi/lib/armv6k/fpu\libg.a(lib_a-jp2uc.o)
 .text._jp2uc_l
                0x0000000000120ed8       0x9c c:/devkitpro/devkitarm/bin/../lib/gcc/arm-none-eabi/12.1.0/../../../../arm-none-eabi/lib/armv6k/fpu\libg.a(lib_a-jp2uc.o)
                0x0000000000120ed8                _jp2uc_l
 *fill*         0x0000000000120f74        0x4 
 .text.nan      0x0000000000120f78       0x10 c:/devkitpro/devkitarm/bin/../lib/gcc/arm-none-eabi/12.1.0/../../../../arm-none-eabi/lib/armv6k/fpu\libg.a(lib_a-s_nan.o)
                0x0000000000120f78                nan
 .text.abort    0x0000000000120f88       0x14 c:/devkitpro/devkitarm/bin/../lib/gcc/arm-none-eabi/12.1.0/../../../../arm-none-eabi/lib/armv6k/fpu\libg.a(lib_a-abort.o)
                0x0000000000120f88                abort
 .text.category
                0x0000000000120f9c       0x8c c:/devkitpro/devkitarm/bin/../lib/gcc/arm-none-eabi/12.1.0/../../../../arm-none-eabi/lib/armv6k/fpu\libg.a(lib_a-categories.o)
                0x0000000000120f9c                category
 .text._raise_r
                0x0000000000121028       0x90 c:/devkitpro/devkitarm/bin/../lib/gcc/arm-none-eabi/12.1.0/../../../../arm-none-eabi/lib/armv6k/fpu\libg.a(lib_a-signal.o)
                0x0000000000121028                _raise_r
 .text.raise    0x00000000001210b8       0x18 c:/devkitpro/devkitarm/bin/../lib/gcc/arm-none-eabi/12.1.0/../../../../arm-none-eabi/lib/armv6k/fpu\libg.a(lib_a-signal.o)
                0x00000000001210b8                raise
 .text.null_write
                0x00000000001210d0        0x8 c:/devkitpro/devkitarm/bin/../lib/gcc/arm-none-eabi/12.1.0/../../../../arm-none-eabi/lib/armv6k/fpu\libsysbase.a(iosupport.o)
 .text.setDefaultDevice
                0x00000000001210d8       0x18 c:/devkitpro/devkitarm/bin/../lib/gcc/arm-none-eabi/12.1.0/../../../../arm-none-eabi/lib/armv6k/fpu\libsysbase.a(iosupport.o)
                0x00000000001210d8                setDefaultDevice
 .text.FindDevice
                0x00000000001210f0       0xc8 c:/devkitpro/devkitarm/bin/../lib/gcc/arm-none-eabi/12.1.0/../../../../arm-none-eabi/lib/armv6k/fpu\libsysbase.a(iosupport.o)
                0x00000000001210f0                FindDevice
 .text.RemoveDevice
                0x00000000001211b8       0x28 c:/devkitpro/devkitarm/bin/../lib/gcc/arm-none-eabi/12.1.0/../../../../arm-none-eabi/lib/armv6k/fpu\libsysbase.a(iosupport.o)
                0x00000000001211b8                RemoveDevice
 .text.AddDevice
                0x00000000001211e0       0x9c c:/devkitpro/devkitarm/bin/../lib/gcc/arm-none-eabi/12.1.0/../../../../arm-none-eabi/lib/armv6k/fpu\libsysbase.a(iosupport.o)
                0x00000000001211e0                AddDevice
 .text.GetDeviceOpTab
                0x000000000012127c       0x20 c:/devkitpro/devkitarm/bin/../lib/gcc/arm-none-eabi/12.1.0/../../../../arm-none-eabi/lib/armv6k/fpu\libsysbase.a(iosupport.o)
                0x000000000012127c                GetDeviceOpTab
 .text._fstat_r
                0x000000000012129c       0x78 c:/devkitpro/devkitarm/bin/../lib/gcc/arm-none-eabi/12.1.0/../../../../arm-none-eabi/lib/armv6k/fpu\libsysbase.a(fstat.o)
                0x000000000012129c                _fstat_r
 .text._getpid_r
                0x0000000000121314       0x14 c:/devkitpro/devkitarm/bin/../lib/gcc/arm-none-eabi/12.1.0/../../../../arm-none-eabi/lib/armv6k/fpu\libsysbase.a(getpid.o)
                0x0000000000121314                _getpid_r
 .text._gettimeofday_r
                0x0000000000121328       0x30 c:/devkitpro/devkitarm/bin/../lib/gcc/arm-none-eabi/12.1.0/../../../../arm-none-eabi/lib/armv6k/fpu\libsysbase.a(gettod.o)
                0x0000000000121328                _gettimeofday_r
 .text._isatty_r
                0x0000000000121358        0x8 c:/devkitpro/devkitarm/bin/../lib/gcc/arm-none-eabi/12.1.0/../../../../arm-none-eabi/lib/armv6k/fpu\libsysbase.a(isatty.o)
                0x0000000000121358                _isatty_r
 .text._kill_r  0x0000000000121360       0x14 c:/devkitpro/devkitarm/bin/../lib/gcc/arm-none-eabi/12.1.0/../../../../arm-none-eabi/lib/armv6k/fpu\libsysbase.a(kill.o)
                0x0000000000121360                _kill_r
 .text._lseek_r
                0x0000000000121374       0x84 c:/devkitpro/devkitarm/bin/../lib/gcc/arm-none-eabi/12.1.0/../../../../arm-none-eabi/lib/armv6k/fpu\libsysbase.a(lseek.o)
                0x0000000000121374                _lseek_r
 .text._read_r  0x00000000001213f8       0x80 c:/devkitpro/devkitarm/bin/../lib/gcc/arm-none-eabi/12.1.0/../../../../arm-none-eabi/lib/armv6k/fpu\libsysbase.a(read.o)
                0x00000000001213f8                _read_r
 .text._sbrk_r  0x0000000000121478       0x78 c:/devkitpro/devkitarm/bin/../lib/gcc/arm-none-eabi/12.1.0/../../../../arm-none-eabi/lib/armv6k/fpu\libsysbase.a(sbrk.o)
                0x0000000000121478                _sbrk_r
 .text._write_r
                0x00000000001214f0       0x80 c:/devkitpro/devkitarm/bin/../lib/gcc/arm-none-eabi/12.1.0/../../../../arm-none-eabi/lib/armv6k/fpu\libsysbase.a(write.o)
                0x00000000001214f0                _write_r
 .text._exit    0x0000000000121570       0x20 c:/devkitpro/devkitarm/bin/../lib/gcc/arm-none-eabi/12.1.0/../../../../arm-none-eabi/lib/armv6k/fpu\libsysbase.a(_exit.o)
                0x0000000000121570                _exit
 .text._concatenate_path
                0x0000000000121590      0x1a4 c:/devkitpro/devkitarm/bin/../lib/gcc/arm-none-eabi/12.1.0/../../../../arm-none-eabi/lib/armv6k/fpu\libsysbase.a(chdir.o)
                0x0000000000121590                _concatenate_path
 .text.chdir    0x0000000000121734      0x140 c:/devkitpro/devkitarm/bin/../lib/gcc/arm-none-eabi/12.1.0/../../../../arm-none-eabi/lib/armv6k/fpu\libsysbase.a(chdir.o)
                0x0000000000121734                chdir
 .text.__flockfile
                0x0000000000121874        0x8 c:/devkitpro/devkitarm/bin/../lib/gcc/arm-none-eabi/12.1.0/../../../../arm-none-eabi/lib/armv6k/fpu\libsysbase.a(flock.o)
                0x0000000000121874                __flockfile
 .text.__funlockfile
                0x000000000012187c        0x8 c:/devkitpro/devkitarm/bin/../lib/gcc/arm-none-eabi/12.1.0/../../../../arm-none-eabi/lib/armv6k/fpu\libsysbase.a(flock.o)
                0x000000000012187c                __funlockfile
 .text.__get_handle
                0x0000000000121884       0x3c c:/devkitpro/devkitarm/bin/../lib/gcc/arm-none-eabi/12.1.0/../../../../arm-none-eabi/lib/armv6k/fpu\libsysbase.a(handle_manager.o)
                0x0000000000121884                __get_handle
 .text._close_r
                0x00000000001218c0       0xf4 c:/devkitpro/devkitarm/bin/../lib/gcc/arm-none-eabi/12.1.0/../../../../arm-none-eabi/lib/armv6k/fpu\libsysbase.a(handle_manager.o)
                0x00000000001218c0                _close_r
 .text.__getreent
                0x00000000001219b4       0x2c c:/devkitpro/devkitarm/bin/../lib/gcc/arm-none-eabi/12.1.0/../../../../arm-none-eabi/lib/armv6k/fpu\libsysbase.a(getreent.o)
                0x00000000001219b4                __getreent
 .text.__libc_lock_acquire
                0x00000000001219e0       0x1c c:/devkitpro/devkitarm/bin/../lib/gcc/arm-none-eabi/12.1.0/../../../../arm-none-eabi/lib/armv6k/fpu\libsysbase.a(syscall_support.o)
                0x00000000001219e0                __libc_lock_acquire
 .text.__libc_lock_release
                0x00000000001219fc       0x1c c:/devkitpro/devkitarm/bin/../lib/gcc/arm-none-eabi/12.1.0/../../../../arm-none-eabi/lib/armv6k/fpu\libsysbase.a(syscall_support.o)
                0x00000000001219fc                __libc_lock_release
 .text.__libc_lock_init_recursive
                0x0000000000121a18       0x1c c:/devkitpro/devkitarm/bin/../lib/gcc/arm-none-eabi/12.1.0/../../../../arm-none-eabi/lib/armv6k/fpu\libsysbase.a(syscall_support.o)
                0x0000000000121a18                __libc_lock_init_recursive
 .text.__libc_lock_acquire_recursive
                0x0000000000121a34       0x1c c:/devkitpro/devkitarm/bin/../lib/gcc/arm-none-eabi/12.1.0/../../../../arm-none-eabi/lib/armv6k/fpu\libsysbase.a(syscall_support.o)
                0x0000000000121a34                __libc_lock_acquire_recursive
 .text.__libc_lock_release_recursive
                0x0000000000121a50       0x1c c:/devkitpro/devkitarm/bin/../lib/gcc/arm-none-eabi/12.1.0/../../../../arm-none-eabi/lib/armv6k/fpu\libsysbase.a(syscall_support.o)
                0x0000000000121a50                __libc_lock_release_recursive
 .text.__libc_lock_close_recursive
                0x0000000000121a6c       0x1c c:/devkitpro/devkitarm/bin/../lib/gcc/arm-none-eabi/12.1.0/../../../../arm-none-eabi/lib/armv6k/fpu\libsysbase.a(syscall_support.o)
                0x0000000000121a6c                __libc_lock_close_recursive
 .text.__fixdfdi
                0x0000000000121a88       0x38 c:/devkitpro/devkitarm/bin/../lib/gcc/arm-none-eabi/12.1.0/armv6k/fpu\libgcc.a(_fixdfdi.o)
                0x0000000000121a88                __fixdfdi
                0x0000000000121a88                __aeabi_d2lz
 .text.__fixunsdfdi
                0x0000000000121ac0       0x40 c:/devkitpro/devkitarm/bin/../lib/gcc/arm-none-eabi/12.1.0/armv6k/fpu\libgcc.a(_fixunsdfdi.o)
                0x0000000000121ac0                __fixunsdfdi
                0x0000000000121ac0                __aeabi_d2ulz
 .text.strrchr  0x0000000000121b00       0x48 c:/devkitpro/devkitarm/bin/../lib/gcc/arm-none-eabi/12.1.0/../../../../arm-none-eabi/lib/armv6k/fpu\libg.a(lib_a-strrchr.o)
                0x0000000000121b00                strrchr
 *(.glue_7)
 .glue_7        0x0000000000121b48        0x0 linker stubs
 *(.glue_7t)
 .glue_7t       0x0000000000121b48        0x0 linker stubs
 *(.stub)
 *(.gnu.warning)
 *(.gnu.linkonce.t*)
                0x0000000000121b48                . = ALIGN (0x4)
 *(.fini)
 .fini          0x0000000000121b48        0xc c:/devkitpro/devkitarm/bin/../lib/gcc/arm-none-eabi/12.1.0/armv6k/fpu/crti.o
                0x0000000000121b48                _fini
 .fini          0x0000000000121b54        0xc c:/devkitpro/devkitarm/bin/../lib/gcc/arm-none-eabi/12.1.0/armv6k/fpu/crtn.o
                0x0000000000121b60                . = ALIGN (0x4)

.vfp11_veneer   0x0000000000121b60        0x0
 .vfp11_veneer  0x0000000000121b60        0x0 linker stubs

.v4_bx          0x0000000000121b60        0x0
 .v4_bx         0x0000000000121b60        0x0 linker stubs

.iplt           0x0000000000121b60        0x0
 .iplt          0x0000000000121b60        0x0 c:/devkitpro/devkitarm/bin/../lib/gcc/arm-none-eabi/12.1.0/../../../../arm-none-eabi/lib/armv6k/fpu/3dsx_crt0.o
                0x0000000000122000                . = ALIGN (0x1000)

.rodata         0x0000000000122000     0x7ec4
 *(.rodata)
 .rodata        0x0000000000122000        0xc main.o
 .rodata        0x000000000012200c        0x3 C:\devkitPro\libctru/lib\libctru.a(apt.o)
 *fill*         0x000000000012200f        0x1 
 .rodata        0x0000000000122010        0xc C:\devkitPro\libctru/lib\libctru.a(archive_dev.o)
 *(.roda)
 *(.rodata.*)
 .rodata.str1.4
                0x000000000012201c      0x1f8 main.o
 .rodata.parseColor.str1.4
                0x0000000000122214       0x1b C:\devkitPro\libctru/lib\libctru.a(console.o)
 *fill*         0x000000000012222f        0x1 
 .rodata.con_write.str1.4
                0x0000000000122230       0x4a C:\devkitPro\libctru/lib\libctru.a(console.o)
 *fill*         0x000000000012227a        0x2 
 .rodata.str1.4
                0x000000000012227c       0x10 C:\devkitPro\libctru/lib\libctru.a(console.o)
 .rodata.dotab_stdout
                0x000000000012228c       0x70 C:\devkitPro\libctru/lib\libctru.a(console.o)
 .rodata.grayScale
                0x00000000001222fc       0x18 C:\devkitPro\libctru/lib\libctru.a(console.o)
 .rodata.colorCube
                0x0000000000122314        0x6 C:\devkitPro\libctru/lib\libctru.a(console.o)
 *fill*         0x000000000012231a        0x2 
 .rodata.colorTable
                0x000000000012231c       0x30 C:\devkitPro\libctru/lib\libctru.a(console.o)
 .rodata.y2rInit.str1.4
                0x000000000012234c        0x6 C:\devkitPro\libctru/lib\libctru.a(y2r.o)
 *fill*         0x0000000000122352        0x2 
 .rodata.gspInit.str1.4
                0x0000000000122354        0x9 C:\devkitPro\libctru/lib\libctru.a(gspgpu.o)
 *fill*         0x000000000012235d        0x3 
 .rodata.acInit.str1.4
                0x0000000000122360        0xd C:\devkitPro\libctru/lib\libctru.a(ac.o)
 *fill*         0x000000000012236d        0x3 
 .rodata.aptSendCommand.str1.4
                0x0000000000122370       0x16 C:\devkitPro\libctru/lib\libctru.a(apt.o)
 *fill*         0x0000000000122386        0x2 
 .rodata.morton_y.2
                0x0000000000122388        0x8 C:\devkitPro\libctru/lib\libctru.a(apt.o)
 .rodata.morton_x.3
                0x0000000000122390        0x8 C:\devkitPro\libctru/lib\libctru.a(apt.o)
 .rodata.s_sleepWakeEvents.4
                0x0000000000122398        0x8 C:\devkitPro\libctru/lib\libctru.a(apt.o)
 .rodata.camInit.str1.4
                0x00000000001223a0        0x6 C:\devkitPro\libctru/lib\libctru.a(cam.o)
 *fill*         0x00000000001223a6        0x2 
 .rodata.hidInit.str1.4
                0x00000000001223a8       0x15 C:\devkitPro\libctru/lib\libctru.a(hid.o)
 *fill*         0x00000000001223bd        0x3 
 .rodata.__system_initArgv.str1.4
                0x00000000001223c0        0xa C:\devkitPro\libctru/lib\libctru.a(initArgv.o)
 *fill*         0x00000000001223ca        0x2 
 .rodata.default_font_bin
                0x00000000001223cc      0x800 C:\devkitPro\libctru/lib\libctru.a(default_font.bin.o)
                0x00000000001223cc                default_font_bin
                0x0000000000122bcc                default_font_bin_end
 .rodata.srvInit.str1.4
                0x0000000000122bcc        0x5 C:\devkitPro\libctru/lib\libctru.a(srv.o)
 *fill*         0x0000000000122bd1        0x3 
 .rodata.irrstInit.str1.4
                0x0000000000122bd4        0x7 C:\devkitPro\libctru/lib\libctru.a(irrst.o)
 *fill*         0x0000000000122bdb        0x1 
 .rodata.ptmSysmInit.str1.4
                0x0000000000122bdc        0x9 C:\devkitPro\libctru/lib\libctru.a(ptmsysm.o)
 *fill*         0x0000000000122be5        0x3 
 .rodata._archiveUnmountDeviceStruct.part.0.str1.4
                0x0000000000122be8        0x2 C:\devkitPro\libctru/lib\libctru.a(archive_dev.o)
 *fill*         0x0000000000122bea        0x2 
 .rodata._archiveMountDevice.str1.4
                0x0000000000122bec        0x8 C:\devkitPro\libctru/lib\libctru.a(archive_dev.o)
                                          0xc (size before relaxing)
 .rodata.archiveMountSdmc.str1.4
                0x0000000000122bf4        0x5 C:\devkitPro\libctru/lib\libctru.a(archive_dev.o)
 *fill*         0x0000000000122bf9        0x3 
 .rodata.error_table
                0x0000000000122bfc       0x30 C:\devkitPro\libctru/lib\libctru.a(archive_dev.o)
 .rodata.str1.4
                0x0000000000122c2c        0x8 C:\devkitPro\libctru/lib\libctru.a(archive_dev.o)
 .rodata.archive_devoptab
                0x0000000000122c34       0x70 C:\devkitPro\libctru/lib\libctru.a(archive_dev.o)
 .rodata.fsInit.str1.4
                0x0000000000122ca4        0x8 C:\devkitPro\libctru/lib\libctru.a(fs.o)
 .rodata._global_impure_ptr
                0x0000000000122cac        0x4 c:/devkitpro/devkitarm/bin/../lib/gcc/arm-none-eabi/12.1.0/../../../../arm-none-eabi/lib/armv6k/fpu\libg.a(lib_a-impure.o)
                0x0000000000122cac                _global_impure_ptr
 .rodata.__ssvfscanf_r.str1.1
                0x0000000000122cb0        0x5 c:/devkitpro/devkitarm/bin/../lib/gcc/arm-none-eabi/12.1.0/../../../../arm-none-eabi/lib/armv6k/fpu\libg.a(lib_a-svfscanf.o)
                                          0x6 (size before relaxing)
 *fill*         0x0000000000122cb5        0x3 
 .rodata.basefix.0
                0x0000000000122cb8       0x22 c:/devkitpro/devkitarm/bin/../lib/gcc/arm-none-eabi/12.1.0/../../../../arm-none-eabi/lib/armv6k/fpu\libg.a(lib_a-svfscanf.o)
 .rodata._vfprintf_r.str1.1
                0x0000000000122cda       0x3b c:/devkitpro/devkitarm/bin/../lib/gcc/arm-none-eabi/12.1.0/../../../../arm-none-eabi/lib/armv6k/fpu\libg.a(lib_a-vfprintf.o)
 *fill*         0x0000000000122d15        0x3 
 .rodata.zeroes.0
                0x0000000000122d18       0x10 c:/devkitpro/devkitarm/bin/../lib/gcc/arm-none-eabi/12.1.0/../../../../arm-none-eabi/lib/armv6k/fpu\libg.a(lib_a-vfprintf.o)
 .rodata.blanks.1
                0x0000000000122d28       0x10 c:/devkitpro/devkitarm/bin/../lib/gcc/arm-none-eabi/12.1.0/../../../../arm-none-eabi/lib/armv6k/fpu\libg.a(lib_a-vfprintf.o)
 .rodata._ctype_
                0x0000000000122d38      0x101 c:/devkitpro/devkitarm/bin/../lib/gcc/arm-none-eabi/12.1.0/../../../../arm-none-eabi/lib/armv6k/fpu\libg.a(lib_a-ctype_.o)
                0x0000000000122d38                _ctype_
 *fill*         0x0000000000122e39        0x3 
 .rodata._dtoa_r.str1.4
                0x0000000000122e3c       0x70 c:/devkitpro/devkitarm/bin/../lib/gcc/arm-none-eabi/12.1.0/../../../../arm-none-eabi/lib/armv6k/fpu\libg.a(lib_a-dtoa.o)
 .rodata.str1.4
                0x0000000000122eac       0x48 c:/devkitpro/devkitarm/bin/../lib/gcc/arm-none-eabi/12.1.0/../../../../arm-none-eabi/lib/armv6k/fpu\libg.a(lib_a-locale.o)
                                         0x4c (size before relaxing)
 .rodata._mbrtowc_r.str1.4